Archive member included to satisfy reference by file (symbol)

/Applications/ArmGNUToolchain/14.2.rel1/arm-none-eabi/bin/../lib/gcc/arm-none-eabi/14.2.1/../../../../arm-none-eabi/lib/thumb/v7e-m+dp/hard/libc_nano.a(libc_a-exit.o)
                              /Applications/ArmGNUToolchain/14.2.rel1/arm-none-eabi/bin/../lib/gcc/arm-none-eabi/14.2.1/../../../../arm-none-eabi/lib/thumb/v7e-m+dp/hard/crt0.o (exit)
/Applications/ArmGNUToolchain/14.2.rel1/arm-none-eabi/bin/../lib/gcc/arm-none-eabi/14.2.1/../../../../arm-none-eabi/lib/thumb/v7e-m+dp/hard/libc_nano.a(libc_a-findfp.o)
                              /Applications/ArmGNUToolchain/14.2.rel1/arm-none-eabi/bin/../lib/gcc/arm-none-eabi/14.2.1/../../../../arm-none-eabi/lib/thumb/v7e-m+dp/hard/libc_nano.a(libc_a-exit.o) (__stdio_exit_handler)
/Applications/ArmGNUToolchain/14.2.rel1/arm-none-eabi/bin/../lib/gcc/arm-none-eabi/14.2.1/../../../../arm-none-eabi/lib/thumb/v7e-m+dp/hard/libc_nano.a(libc_a-fwalk.o)
                              /Applications/ArmGNUToolchain/14.2.rel1/arm-none-eabi/bin/../lib/gcc/arm-none-eabi/14.2.1/../../../../arm-none-eabi/lib/thumb/v7e-m+dp/hard/libc_nano.a(libc_a-findfp.o) (_fwalk_sglue)
/Applications/ArmGNUToolchain/14.2.rel1/arm-none-eabi/bin/../lib/gcc/arm-none-eabi/14.2.1/../../../../arm-none-eabi/lib/thumb/v7e-m+dp/hard/libc_nano.a(libc_a-memset.o)
                              /Applications/ArmGNUToolchain/14.2.rel1/arm-none-eabi/bin/../lib/gcc/arm-none-eabi/14.2.1/../../../../arm-none-eabi/lib/thumb/v7e-m+dp/hard/crt0.o (memset)
/Applications/ArmGNUToolchain/14.2.rel1/arm-none-eabi/bin/../lib/gcc/arm-none-eabi/14.2.1/../../../../arm-none-eabi/lib/thumb/v7e-m+dp/hard/libc_nano.a(libc_a-init.o)
                              /Applications/ArmGNUToolchain/14.2.rel1/arm-none-eabi/bin/../lib/gcc/arm-none-eabi/14.2.1/../../../../arm-none-eabi/lib/thumb/v7e-m+dp/hard/crt0.o (__libc_init_array)
/Applications/ArmGNUToolchain/14.2.rel1/arm-none-eabi/bin/../lib/gcc/arm-none-eabi/14.2.1/../../../../arm-none-eabi/lib/thumb/v7e-m+dp/hard/libc_nano.a(libc_a-lock.o)
                              /Applications/ArmGNUToolchain/14.2.rel1/arm-none-eabi/bin/../lib/gcc/arm-none-eabi/14.2.1/../../../../arm-none-eabi/lib/thumb/v7e-m+dp/hard/libc_nano.a(libc_a-findfp.o) (__retarget_lock_init_recursive)
/Applications/ArmGNUToolchain/14.2.rel1/arm-none-eabi/bin/../lib/gcc/arm-none-eabi/14.2.1/../../../../arm-none-eabi/lib/thumb/v7e-m+dp/hard/libc_nano.a(libc_a-impure.o)
                              /Applications/ArmGNUToolchain/14.2.rel1/arm-none-eabi/bin/../lib/gcc/arm-none-eabi/14.2.1/../../../../arm-none-eabi/lib/thumb/v7e-m+dp/hard/libc_nano.a(libc_a-findfp.o) (_impure_data)
/Applications/ArmGNUToolchain/14.2.rel1/arm-none-eabi/bin/../lib/gcc/arm-none-eabi/14.2.1/../../../../arm-none-eabi/lib/thumb/v7e-m+dp/hard/libc_nano.a(libc_a-memcpy-stub.o)
                              build/queue.o (memcpy)
/Applications/ArmGNUToolchain/14.2.rel1/arm-none-eabi/bin/../lib/gcc/arm-none-eabi/14.2.1/../../../../arm-none-eabi/lib/thumb/v7e-m+dp/hard/libc_nano.a(libc_a-mallocr.o)
                              /Applications/ArmGNUToolchain/14.2.rel1/arm-none-eabi/bin/../lib/gcc/arm-none-eabi/14.2.1/../../../../arm-none-eabi/lib/thumb/v7e-m+dp/hard/libc_nano.a(libc_a-findfp.o) (_malloc_r)
/Applications/ArmGNUToolchain/14.2.rel1/arm-none-eabi/bin/../lib/gcc/arm-none-eabi/14.2.1/../../../../arm-none-eabi/lib/thumb/v7e-m+dp/hard/libc_nano.a(libc_a-fflush.o)
                              /Applications/ArmGNUToolchain/14.2.rel1/arm-none-eabi/bin/../lib/gcc/arm-none-eabi/14.2.1/../../../../arm-none-eabi/lib/thumb/v7e-m+dp/hard/libc_nano.a(libc_a-findfp.o) (_fflush_r)
/Applications/ArmGNUToolchain/14.2.rel1/arm-none-eabi/bin/../lib/gcc/arm-none-eabi/14.2.1/../../../../arm-none-eabi/lib/thumb/v7e-m+dp/hard/libc_nano.a(libc_a-mlock.o)
                              /Applications/ArmGNUToolchain/14.2.rel1/arm-none-eabi/bin/../lib/gcc/arm-none-eabi/14.2.1/../../../../arm-none-eabi/lib/thumb/v7e-m+dp/hard/libc_nano.a(libc_a-mallocr.o) (__malloc_lock)
/Applications/ArmGNUToolchain/14.2.rel1/arm-none-eabi/bin/../lib/gcc/arm-none-eabi/14.2.1/../../../../arm-none-eabi/lib/thumb/v7e-m+dp/hard/libc_nano.a(libc_a-stdio.o)
                              /Applications/ArmGNUToolchain/14.2.rel1/arm-none-eabi/bin/../lib/gcc/arm-none-eabi/14.2.1/../../../../arm-none-eabi/lib/thumb/v7e-m+dp/hard/libc_nano.a(libc_a-findfp.o) (__sread)
/Applications/ArmGNUToolchain/14.2.rel1/arm-none-eabi/bin/../lib/gcc/arm-none-eabi/14.2.1/../../../../arm-none-eabi/lib/thumb/v7e-m+dp/hard/libc_nano.a(libc_a-lseekr.o)
                              /Applications/ArmGNUToolchain/14.2.rel1/arm-none-eabi/bin/../lib/gcc/arm-none-eabi/14.2.1/../../../../arm-none-eabi/lib/thumb/v7e-m+dp/hard/libc_nano.a(libc_a-stdio.o) (_lseek_r)
/Applications/ArmGNUToolchain/14.2.rel1/arm-none-eabi/bin/../lib/gcc/arm-none-eabi/14.2.1/../../../../arm-none-eabi/lib/thumb/v7e-m+dp/hard/libc_nano.a(libc_a-readr.o)
[...]
Memory Configuration

Name             Origin             Length             Attributes
DTCMRAM          0x20000000         0x00020000         xrw
RAM              0x24000000         0x00020000         xrw
RAM_D2           0x30000000         0x00008000         xrw
RAM_D3           0x38000000         0x00004000         xrw
ITCMRAM          0x00000000         0x00010000         xrw
FLASH            0x08000000         0x00100000         xr
*default*        0x00000000         0xffffffff

Linker script and memory map

LOAD /Applications/ArmGNUToolchain/14.2.rel1/arm-none-eabi/bin/../lib/gcc/arm-none-eabi/14.2.1/thumb/v7e-m+dp/hard/crti.o
LOAD /Applications/ArmGNUToolchain/14.2.rel1/arm-none-eabi/bin/../lib/gcc/arm-none-eabi/14.2.1/thumb/v7e-m+dp/hard/crtbegin.o
LOAD /Applications/ArmGNUToolchain/14.2.rel1/arm-none-eabi/bin/../lib/gcc/arm-none-eabi/14.2.1/../../../../arm-none-eabi/lib/thumb/v7e-m+dp/hard/crt0.o
LOAD build/main.o
LOAD build/freertos.o
LOAD build/stm32h7xx_it.o
LOAD build/stm32h7xx_hal_msp.o
LOAD build/stm32h7xx_hal_timebase_tim.o
LOAD build/stm32h7xx_hal_tim.o
LOAD build/stm32h7xx_hal_tim_ex.o
LOAD build/stm32h7xx_hal_adc.o
LOAD build/stm32h7xx_hal_adc_ex.o
LOAD build/stm32h7xx_hal_rcc.o
LOAD build/stm32h7xx_hal_rcc_ex.o
LOAD build/stm32h7xx_hal_flash.o
LOAD build/stm32h7xx_hal_flash_ex.o
LOAD build/stm32h7xx_hal_gpio.o
LOAD build/stm32h7xx_hal_hsem.o
LOAD build/stm32h7xx_hal_dma.o
LOAD build/stm32h7xx_hal_dma_ex.o
LOAD build/stm32h7xx_hal_mdma.o
LOAD build/stm32h7xx_hal_pwr.o
LOAD build/stm32h7xx_hal_pwr_ex.o
LOAD build/stm32h7xx_hal_cortex.o
LOAD build/stm32h7xx_hal.o
LOAD build/stm32h7xx_hal_i2c.o
LOAD build/stm32h7xx_hal_i2c_ex.o
LOAD build/stm32h7xx_hal_exti.o
LOAD build/stm32h7xx_hal_crc.o
LOAD build/stm32h7xx_hal_crc_ex.o
LOAD build/stm32h7xx_hal_iwdg.o
LOAD build/stm32h7xx_hal_spi.o
LOAD build/stm32h7xx_hal_spi_ex.o
LOAD build/stm32h7xx_hal_uart.o
LOAD build/stm32h7xx_hal_uart_ex.o
LOAD build/system_stm32h7xx.o
LOAD build/croutine.o
LOAD build/event_groups.o
LOAD build/list.o
LOAD build/queue.o
LOAD build/stream_buffer.o
LOAD build/tasks.o
LOAD build/timers.o
LOAD build/cmsis_os2.o
LOAD build/heap_4.o
LOAD build/port.o
LOAD build/startup_stm32h723xx.o
LOAD /Applications/ArmGNUToolchain/14.2.rel1/arm-none-eabi/bin/../lib/gcc/arm-none-eabi/14.2.1/../../../../arm-none-eabi/lib/thumb/v7e-m+dp/hard/libc_nano.a
LOAD /Applications/ArmGNUToolchain/14.2.rel1/arm-none-eabi/bin/../lib/gcc/arm-none-eabi/14.2.1/../../../../arm-none-eabi/lib/thumb/v7e-m+dp/hard/libm.a
LOAD /Applications/ArmGNUToolchain/14.2.rel1/arm-none-eabi/bin/../lib/gcc/arm-none-eabi/14.2.1/../../../../arm-none-eabi/lib/thumb/v7e-m+dp/hard/libnosys.a
START GROUP
LOAD /Applications/ArmGNUToolchain/14.2.rel1/arm-none-eabi/bin/../lib/gcc/arm-none-eabi/14.2.1/thumb/v7e-m+dp/hard/libgcc.a
LOAD /Applications/ArmGNUToolchain/14.2.rel1/arm-none-eabi/bin/../lib/gcc/arm-none-eabi/14.2.1/../../../../arm-none-eabi/lib/thumb/v7e-m+dp/hard/libc_nano.a
END GROUP
START GROUP
LOAD /Applications/ArmGNUToolchain/14.2.rel1/arm-none-eabi/bin/../lib/gcc/arm-none-eabi/14.2.1/thumb/v7e-m+dp/hard/libgcc.a
LOAD /Applications/ArmGNUToolchain/14.2.rel1/arm-none-eabi/bin/../lib/gcc/arm-none-eabi/14.2.1/../../../../arm-none-eabi/lib/thumb/v7e-m+dp/hard/libc_nano.a
END GROUP
LOAD /Applications/ArmGNUToolchain/14.2.rel1/arm-none-eabi/bin/../lib/gcc/arm-none-eabi/14.2.1/thumb/v7e-m+dp/hard/crtend.o
LOAD /Applications/ArmGNUToolchain/14.2.rel1/arm-none-eabi/bin/../lib/gcc/arm-none-eabi/14.2.1/thumb/v7e-m+dp/hard/crtn.o
                0x20020000                        _estack = (ORIGIN (DTCMRAM) + LENGTH (DTCMRAM))
                0x00000200                        _Min_Heap_Size = 0x200
                0x00000400                        _Min_Stack_Size = 0x400

.isr_vector     0x08000000      0x2cc
                0x08000000                        . = ALIGN (0x4)
 *(.isr_vector)
 .isr_vector    0x08000000      0x2cc build/startup_stm32h723xx.o
                0x08000000                g_pfnVectors
                0x080002cc                        . = ALIGN (0x4)

.text           0x080002d0     0xa618
                0x080002d0                        . = ALIGN (0x4)
 *(.text)
 .text          0x080002d0       0x30 /Applications/ArmGNUToolchain/14.2.rel1/arm-none-eabi/bin/../lib/gcc/arm-none-eabi/14.2.1/thumb/v7e-m+dp/hard/libgcc.a(_aeabi_uldivmod.o)
                0x080002d0                __aeabi_uldivmod
 .text          0x08000300        0x4 /Applications/ArmGNUToolchain/14.2.rel1/arm-none-eabi/bin/../lib/gcc/arm-none-eabi/14.2.1/thumb/v7e-m+dp/hard/libgcc.a(_dvmd_tls.o)
                0x08000300                __aeabi_ldiv0
                0x08000300                __aeabi_idiv0
 *(.text*)
 .text.deregister_tm_clones
                0x08000304       0x1c /Applications/ArmGNUToolchain/14.2.rel1/arm-none-eabi/bin/../lib/gcc/arm-none-eabi/14.2.1/thumb/v7e-m+dp/hard/crtbegin.o
 .text.register_tm_clones
                0x08000320       0x24 /Applications/ArmGNUToolchain/14.2.rel1/arm-none-eabi/bin/../lib/gcc/arm-none-eabi/14.2.1/thumb/v7e-m+dp/hard/crtbegin.o
 .text.__do_global_dtors_aux
                0x08000344       0x28 /Applications/ArmGNUToolchain/14.2.rel1/arm-none-eabi/bin/../lib/gcc/arm-none-eabi/14.2.1/thumb/v7e-m+dp/hard/crtbegin.o
 .text.frame_dummy
                0x0800036c       0x24 /Applications/ArmGNUToolchain/14.2.rel1/arm-none-eabi/bin/../lib/gcc/arm-none-eabi/14.2.1/thumb/v7e-m+dp/hard/crtbegin.o
 .text.MPU_Config
                0x08000390       0x52 build/main.o
 *fill*         0x080003e2        0x2 
 .text.MX_GPIO_Init
                0x080003e4       0xb8 build/main.o
 .text.MX_DMA_Init
                0x0800049c       0xd0 build/main.o
 .text.StartDefaultTask
                0x0800056c        0xa build/main.o
                0x0800056c                StartDefaultTask
 *fill*         0x08000576        0x2 
 .text.HAL_TIM_PeriodElapsedCallback
                0x08000578       0x18 build/main.o
                0x08000578                HAL_TIM_PeriodElapsedCallback
 .text.Error_Handler
                0x08000590        0x4 build/main.o
                0x08000590                Error_Handler
 .text.MX_SPI1_Init
                0x08000594       0x60 build/main.o
 .text.MX_USART3_UART_Init
                0x080005f4       0x64 build/main.o
 .text.MX_I2C1_Init
                0x08000658       0x54 build/main.o
 .text.MX_USART6_UART_Init
                0x080006ac       0x64 build/main.o
 .text.MX_CRC_Init
                0x08000710       0x2c build/main.o
 .text.MX_TIM1_Init
                0x0800073c      0x120 build/main.o
 .text.MX_UART4_Init
                0x0800085c       0x64 build/main.o
 .text.MX_ADC1_Init
                0x080008c0       0xa4 build/main.o
 .text.MX_IWDG1_Init
                0x08000964       0x28 build/main.o
 .text.SystemClock_Config
                0x0800098c       0xb0 build/main.o
                0x0800098c                SystemClock_Config
 .text.main     0x08000a3c       0x60 build/main.o
                0x08000a3c                main
 .text.vApplicationStackOverflowHook
                0x08000a9c        0x2 build/freertos.o
                0x08000a9c                vApplicationStackOverflowHook
 .text.vApplicationMallocFailedHook
                0x08000a9e        0x2 build/freertos.o
                0x08000a9e                vApplicationMallocFailedHook
 .text.NMI_Handler
                0x08000aa0        0x2 build/stm32h7xx_it.o
                0x08000aa0                NMI_Handler
 .text.HardFault_Handler
                0x08000aa2        0x2 build/stm32h7xx_it.o
                0x08000aa2                HardFault_Handler
 .text.MemManage_Handler
                0x08000aa4        0x2 build/stm32h7xx_it.o
                0x08000aa4                MemManage_Handler
 .text.BusFault_Handler
                0x08000aa6        0x2 build/stm32h7xx_it.o
                0x08000aa6                BusFault_Handler
 .text.UsageFault_Handler
                0x08000aa8        0x2 build/stm32h7xx_it.o
                0x08000aa8                UsageFault_Handler
 .text.DebugMon_Handler
                0x08000aaa        0x2 build/stm32h7xx_it.o
                0x08000aaa                DebugMon_Handler
 .text.DMA1_Stream0_IRQHandler
                0x08000aac       0x10 build/stm32h7xx_it.o
                0x08000aac                DMA1_Stream0_IRQHandler
 .text.DMA1_Stream1_IRQHandler
                0x08000abc       0x10 build/stm32h7xx_it.o
                0x08000abc                DMA1_Stream1_IRQHandler
 .text.DMA1_Stream2_IRQHandler
                0x08000acc       0x10 build/stm32h7xx_it.o
                0x08000acc                DMA1_Stream2_IRQHandler
 .text.DMA1_Stream3_IRQHandler
                0x08000adc       0x10 build/stm32h7xx_it.o
                0x08000adc                DMA1_Stream3_IRQHandler
 .text.DMA1_Stream4_IRQHandler
                0x08000aec       0x10 build/stm32h7xx_it.o
                0x08000aec                DMA1_Stream4_IRQHandler
 .text.DMA1_Stream5_IRQHandler
                0x08000afc       0x10 build/stm32h7xx_it.o
                0x08000afc                DMA1_Stream5_IRQHandler
 .text.DMA1_Stream6_IRQHandler
                0x08000b0c       0x10 build/stm32h7xx_it.o
                0x08000b0c                DMA1_Stream6_IRQHandler
 .text.I2C1_EV_IRQHandler
                0x08000b1c       0x10 build/stm32h7xx_it.o
                0x08000b1c                I2C1_EV_IRQHandler
 .text.I2C1_ER_IRQHandler
                0x08000b2c       0x10 build/stm32h7xx_it.o
                0x08000b2c                I2C1_ER_IRQHandler
 .text.SPI1_IRQHandler
                0x08000b3c       0x10 build/stm32h7xx_it.o
                0x08000b3c                SPI1_IRQHandler
 .text.USART3_IRQHandler
                0x08000b4c       0x10 build/stm32h7xx_it.o
                0x08000b4c                USART3_IRQHandler
 .text.DMA1_Stream7_IRQHandler
                0x08000b5c       0x10 build/stm32h7xx_it.o
                0x08000b5c                DMA1_Stream7_IRQHandler
 .text.UART4_IRQHandler
                0x08000b6c       0x10 build/stm32h7xx_it.o
                0x08000b6c                UART4_IRQHandler
 .text.TIM6_DAC_IRQHandler
                0x08000b7c       0x10 build/stm32h7xx_it.o
                0x08000b7c                TIM6_DAC_IRQHandler
 .text.DMA2_Stream0_IRQHandler
                0x08000b8c       0x10 build/stm32h7xx_it.o
                0x08000b8c                DMA2_Stream0_IRQHandler
 .text.USART6_IRQHandler
                0x08000b9c       0x10 build/stm32h7xx_it.o
                0x08000b9c                USART6_IRQHandler
 .text.HAL_MspInit
                0x08000bac       0x34 build/stm32h7xx_hal_msp.o
                0x08000bac                HAL_MspInit
 .text.HAL_ADC_MspInit
                0x08000be0       0xf4 build/stm32h7xx_hal_msp.o
                0x08000be0                HAL_ADC_MspInit
 .text.HAL_CRC_MspInit
                0x08000cd4       0x30 build/stm32h7xx_hal_msp.o
                0x08000cd4                HAL_CRC_MspInit
 .text.HAL_I2C_MspInit
                0x08000d04      0x144 build/stm32h7xx_hal_msp.o
                0x08000d04                HAL_I2C_MspInit
 .text.HAL_SPI_MspInit
                0x08000e48      0x140 build/stm32h7xx_hal_msp.o
                0x08000e48                HAL_SPI_MspInit
 .text.HAL_TIM_Base_MspInit
                0x08000f88       0x34 build/stm32h7xx_hal_msp.o
                0x08000f88                HAL_TIM_Base_MspInit
 .text.HAL_TIM_MspPostInit
                0x08000fbc       0x5c build/stm32h7xx_hal_msp.o
                0x08000fbc                HAL_TIM_MspPostInit
 .text.HAL_UART_MspInit
                0x08001018      0x2e0 build/stm32h7xx_hal_msp.o
                0x08001018                HAL_UART_MspInit
 .text.HAL_InitTick
                0x080012f8       0x9c build/stm32h7xx_hal_timebase_tim.o
                0x080012f8                HAL_InitTick
 .text.HAL_TIM_PWM_MspInit
                0x08001394        0x2 build/stm32h7xx_hal_tim.o
                0x08001394                HAL_TIM_PWM_MspInit
 .text.HAL_TIM_PeriodElapsedHalfCpltCallback
                0x08001396        0x2 build/stm32h7xx_hal_tim.o
                0x08001396                HAL_TIM_PeriodElapsedHalfCpltCallback
 .text.HAL_TIM_OC_DelayElapsedCallback
                0x08001398        0x2 build/stm32h7xx_hal_tim.o
                0x08001398                HAL_TIM_OC_DelayElapsedCallback
 .text.HAL_TIM_IC_CaptureCallback
                0x0800139a        0x2 build/stm32h7xx_hal_tim.o
                0x0800139a                HAL_TIM_IC_CaptureCallback
 .text.HAL_TIM_IC_CaptureHalfCpltCallback
                0x0800139c        0x2 build/stm32h7xx_hal_tim.o
                0x0800139c                HAL_TIM_IC_CaptureHalfCpltCallback
 .text.HAL_TIM_PWM_PulseFinishedCallback
                0x0800139e        0x2 build/stm32h7xx_hal_tim.o
                0x0800139e                HAL_TIM_PWM_PulseFinishedCallback
 .text.HAL_TIM_PWM_PulseFinishedHalfCpltCallback
                0x080013a0        0x2 build/stm32h7xx_hal_tim.o
                0x080013a0                HAL_TIM_PWM_PulseFinishedHalfCpltCallback
 .text.HAL_TIM_TriggerCallback
                0x080013a2        0x2 build/stm32h7xx_hal_tim.o
                0x080013a2                HAL_TIM_TriggerCallback
 .text.HAL_TIM_TriggerHalfCpltCallback
                0x080013a4        0x2 build/stm32h7xx_hal_tim.o
                0x080013a4                HAL_TIM_TriggerHalfCpltCallback
 .text.HAL_TIM_ErrorCallback
                0x080013a6        0x2 build/stm32h7xx_hal_tim.o
                0x080013a6                HAL_TIM_ErrorCallback
 .text.TIM_OC1_SetConfig
                0x080013a8       0xa4 build/stm32h7xx_hal_tim.o
 .text.TIM_OC3_SetConfig
                0x0800144c       0x94 build/stm32h7xx_hal_tim.o
 .text.TIM_OC4_SetConfig
                0x080014e0       0x74 build/stm32h7xx_hal_tim.o
 .text.TIM_OC5_SetConfig
                0x08001554       0x74 build/stm32h7xx_hal_tim.o
 .text.TIM_OC6_SetConfig
                0x080015c8       0x74 build/stm32h7xx_hal_tim.o
 .text.TIM_TI1_ConfigInputStage
                0x0800163c       0x26 build/stm32h7xx_hal_tim.o
 .text.TIM_TI2_ConfigInputStage
                0x08001662       0x28 build/stm32h7xx_hal_tim.o
 *fill*         0x0800168a        0x2 
 .text.TIM_ITRx_SetConfig
                0x0800168c       0x14 build/stm32h7xx_hal_tim.o
 .text.HAL_TIM_Base_Start_IT
                0x080016a0       0xa0 build/stm32h7xx_hal_tim.o
                0x080016a0                HAL_TIM_Base_Start_IT
 .text.HAL_TIM_IRQHandler
                0x08001740      0x196 build/stm32h7xx_hal_tim.o
                0x08001740                HAL_TIM_IRQHandler
 *fill*         0x080018d6        0x2 
 .text.TIM_Base_SetConfig
                0x080018d8      0x120 build/stm32h7xx_hal_tim.o
                0x080018d8                TIM_Base_SetConfig
 .text.TIM_OC2_SetConfig
                0x080019f8       0x94 build/stm32h7xx_hal_tim.o
                0x080019f8                TIM_OC2_SetConfig
 .text.HAL_TIM_PWM_ConfigChannel
                0x08001a8c      0x13a build/stm32h7xx_hal_tim.o
                0x08001a8c                HAL_TIM_PWM_ConfigChannel
 .text.TIM_ETR_SetConfig
                0x08001bc6       0x1a build/stm32h7xx_hal_tim.o
                0x08001bc6                TIM_ETR_SetConfig
 .text.HAL_TIM_ConfigClockSource
                0x08001be0      0x138 build/stm32h7xx_hal_tim.o
                0x08001be0                HAL_TIM_ConfigClockSource
 .text.TIM_ResetCallback
                0x08001d18       0x90 build/stm32h7xx_hal_tim.o
                0x08001d18                TIM_ResetCallback
 .text.HAL_TIM_Base_Init
                0x08001da8       0x74 build/stm32h7xx_hal_tim.o
                0x08001da8                HAL_TIM_Base_Init
 .text.HAL_TIM_PWM_Init
                0x08001e1c       0x74 build/stm32h7xx_hal_tim.o
                0x08001e1c                HAL_TIM_PWM_Init
 .text.HAL_TIMEx_MasterConfigSynchronization
                0x08001e90       0xb0 build/stm32h7xx_hal_tim_ex.o
                0x08001e90                HAL_TIMEx_MasterConfigSynchronization
 .text.HAL_TIMEx_ConfigBreakDeadTime
                0x08001f40       0xa0 build/stm32h7xx_hal_tim_ex.o
                0x08001f40                HAL_TIMEx_ConfigBreakDeadTime
 .text.HAL_TIMEx_CommutCallback
                0x08001fe0        0x2 build/stm32h7xx_hal_tim_ex.o
                0x08001fe0                HAL_TIMEx_CommutCallback
 .text.HAL_TIMEx_CommutHalfCpltCallback
                0x08001fe2        0x2 build/stm32h7xx_hal_tim_ex.o
                0x08001fe2                HAL_TIMEx_CommutHalfCpltCallback
 .text.HAL_TIMEx_BreakCallback
                0x08001fe4        0x2 build/stm32h7xx_hal_tim_ex.o
                0x08001fe4                HAL_TIMEx_BreakCallback
 .text.HAL_TIMEx_Break2Callback
                0x08001fe6        0x2 build/stm32h7xx_hal_tim_ex.o
                0x08001fe6                HAL_TIMEx_Break2Callback
 .text.LL_ADC_SetOffset
                0x08001fe8       0x40 build/stm32h7xx_hal_adc.o
 .text.LL_ADC_SetOffsetState
                0x08002028       0x30 build/stm32h7xx_hal_adc.o
 .text.LL_ADC_REG_SetSequencerRanks
                0x08002058       0x30 build/stm32h7xx_hal_adc.o
 .text.LL_ADC_SetChannelSamplingTime
                0x08002088       0x2c build/stm32h7xx_hal_adc.o
 .text.LL_ADC_SetChannelSingleDiff
                0x080020b4       0x58 build/stm32h7xx_hal_adc.o
 .text.HAL_ADC_ConvCpltCallback
                0x0800210c        0x2 build/stm32h7xx_hal_adc.o
                0x0800210c                HAL_ADC_ConvCpltCallback
 .text.HAL_ADC_ConvHalfCpltCallback
                0x0800210e        0x2 build/stm32h7xx_hal_adc.o
                0x0800210e                HAL_ADC_ConvHalfCpltCallback
 .text.HAL_ADC_LevelOutOfWindowCallback
                0x08002110        0x2 build/stm32h7xx_hal_adc.o
                0x08002110                HAL_ADC_LevelOutOfWindowCallback
 .text.HAL_ADC_ErrorCallback
                0x08002112        0x2 build/stm32h7xx_hal_adc.o
                0x08002112                HAL_ADC_ErrorCallback
 .text.LL_ADC_SetChannelPreselection
                0x08002114       0x38 build/stm32h7xx_hal_adc.o
 .text.HAL_ADC_ConfigChannel
                0x0800214c      0x5d8 build/stm32h7xx_hal_adc.o
                0x0800214c                HAL_ADC_ConfigChannel
 .text.ADC_ConfigureBoostMode
                0x08002724      0x130 build/stm32h7xx_hal_adc.o
                0x08002724                ADC_ConfigureBoostMode
 .text.HAL_ADC_Init
                0x08002854      0x334 build/stm32h7xx_hal_adc.o
                0x08002854                HAL_ADC_Init
 .text.HAL_ADCEx_InjectedConvCpltCallback
                0x08002b88        0x2 build/stm32h7xx_hal_adc_ex.o
                0x08002b88                HAL_ADCEx_InjectedConvCpltCallback
 .text.HAL_ADCEx_InjectedQueueOverflowCallback
                0x08002b8a        0x2 build/stm32h7xx_hal_adc_ex.o
                0x08002b8a                HAL_ADCEx_InjectedQueueOverflowCallback
 .text.HAL_ADCEx_LevelOutOfWindow2Callback
                0x08002b8c        0x2 build/stm32h7xx_hal_adc_ex.o
                0x08002b8c                HAL_ADCEx_LevelOutOfWindow2Callback
 .text.HAL_ADCEx_LevelOutOfWindow3Callback
                0x08002b8e        0x2 build/stm32h7xx_hal_adc_ex.o
                0x08002b8e                HAL_ADCEx_LevelOutOfWindow3Callback
 .text.HAL_ADCEx_EndOfSamplingCallback
                0x08002b90        0x2 build/stm32h7xx_hal_adc_ex.o
                0x08002b90                HAL_ADCEx_EndOfSamplingCallback
 *fill*         0x08002b92        0x2 
 .text.HAL_ADCEx_MultiModeConfigChannel
                0x08002b94      0x150 build/stm32h7xx_hal_adc_ex.o
                0x08002b94                HAL_ADCEx_MultiModeConfigChannel
 .text.HAL_RCC_OscConfig
                0x08002ce4      0x5e4 build/stm32h7xx_hal_rcc.o
                0x08002ce4                HAL_RCC_OscConfig
 .text.HAL_RCC_GetSysClockFreq
                0x080032c8      0x1f8 build/stm32h7xx_hal_rcc.o
                0x080032c8                HAL_RCC_GetSysClockFreq
 .text.HAL_RCC_ClockConfig
                0x080034c0      0x294 build/stm32h7xx_hal_rcc.o
                0x080034c0                HAL_RCC_ClockConfig
 .text.HAL_RCC_GetHCLKFreq
                0x08003754       0x44 build/stm32h7xx_hal_rcc.o
                0x08003754                HAL_RCC_GetHCLKFreq
 .text.HAL_RCC_GetPCLK1Freq
                0x08003798       0x24 build/stm32h7xx_hal_rcc.o
                0x08003798                HAL_RCC_GetPCLK1Freq
 .text.HAL_RCC_GetPCLK2Freq
                0x080037bc       0x24 build/stm32h7xx_hal_rcc.o
                0x080037bc                HAL_RCC_GetPCLK2Freq
 .text.HAL_RCC_GetClockConfig
                0x080037e0       0x54 build/stm32h7xx_hal_rcc.o
                0x080037e0                HAL_RCC_GetClockConfig
 .text.RCCEx_PLL2_Config
                0x08003834      0x108 build/stm32h7xx_hal_rcc_ex.o
 .text.RCCEx_PLL3_Config
                0x0800393c      0x108 build/stm32h7xx_hal_rcc_ex.o
 .text.HAL_RCCEx_PeriphCLKConfig
                0x08003a44      0xa38 build/stm32h7xx_hal_rcc_ex.o
                0x08003a44                HAL_RCCEx_PeriphCLKConfig
 .text.HAL_RCCEx_GetD3PCLK1Freq
                0x0800447c       0x24 build/stm32h7xx_hal_rcc_ex.o
                0x0800447c                HAL_RCCEx_GetD3PCLK1Freq
 .text.HAL_RCCEx_GetPLL2ClockFreq
                0x080044a0      0x200 build/stm32h7xx_hal_rcc_ex.o
                0x080044a0                HAL_RCCEx_GetPLL2ClockFreq
 .text.HAL_RCCEx_GetPLL3ClockFreq
                0x080046a0      0x200 build/stm32h7xx_hal_rcc_ex.o
                0x080046a0                HAL_RCCEx_GetPLL3ClockFreq
 .text.HAL_RCCEx_GetPLL1ClockFreq
                0x080048a0      0x200 build/stm32h7xx_hal_rcc_ex.o
                0x080048a0                HAL_RCCEx_GetPLL1ClockFreq
 .text.HAL_RCCEx_GetPeriphCLKFreq
                0x08004aa0      0x608 build/stm32h7xx_hal_rcc_ex.o
                0x08004aa0                HAL_RCCEx_GetPeriphCLKFreq
 .text.HAL_GPIO_Init
                0x080050a8      0x214 build/stm32h7xx_hal_gpio.o
                0x080050a8                HAL_GPIO_Init
 .text.HAL_GPIO_WritePin
                0x080052bc        0xc build/stm32h7xx_hal_gpio.o
                0x080052bc                HAL_GPIO_WritePin
 .text.DMA_CalcBaseAndBitshift
                0x080052c8       0xb0 build/stm32h7xx_hal_dma.o
 .text.DMA_CheckFifoParam
                0x08005378       0x92 build/stm32h7xx_hal_dma.o
 *fill*         0x0800540a        0x2 
 .text.DMA_CalcDMAMUXChannelBaseAndMask
                0x0800540c       0xac build/stm32h7xx_hal_dma.o
 .text.DMA_CalcDMAMUXRequestGenBaseAndMask
                0x080054b8       0x7c build/stm32h7xx_hal_dma.o
 .text.HAL_DMA_Init
                0x08005534      0x39c build/stm32h7xx_hal_dma.o
                0x08005534                HAL_DMA_Init
 .text.HAL_DMA_Abort
                0x080058d0      0x33c build/stm32h7xx_hal_dma.o
                0x080058d0                HAL_DMA_Abort
 .text.HAL_DMA_Abort_IT
                0x08005c0c      0x26c build/stm32h7xx_hal_dma.o
                0x08005c0c                HAL_DMA_Abort_IT
 .text.HAL_DMA_IRQHandler
                0x08005e78      0x734 build/stm32h7xx_hal_dma.o
                0x08005e78                HAL_DMA_IRQHandler
 .text.HAL_DMA_GetState
                0x080065ac        0x6 build/stm32h7xx_hal_dma.o
                0x080065ac                HAL_DMA_GetState
 *fill*         0x080065b2        0x2 
 .text.HAL_PWREx_ConfigSupply
                0x080065b4       0x54 build/stm32h7xx_hal_pwr_ex.o
                0x080065b4                HAL_PWREx_ConfigSupply
 .text.__NVIC_EnableIRQ
                0x08006608       0x1c build/stm32h7xx_hal_cortex.o
 .text.__NVIC_SetPriority
                0x08006624       0x24 build/stm32h7xx_hal_cortex.o
 .text.NVIC_EncodePriority
                0x08006648       0x3e build/stm32h7xx_hal_cortex.o
 *fill*         0x08006686        0x2 
 .text.HAL_NVIC_SetPriorityGrouping
                0x08006688       0x24 build/stm32h7xx_hal_cortex.o
                0x08006688                HAL_NVIC_SetPriorityGrouping
 .text.HAL_NVIC_SetPriority
                0x080066ac       0x20 build/stm32h7xx_hal_cortex.o
                0x080066ac                HAL_NVIC_SetPriority
 .text.HAL_NVIC_EnableIRQ
                0x080066cc        0x8 build/stm32h7xx_hal_cortex.o
                0x080066cc                HAL_NVIC_EnableIRQ
 .text.HAL_MPU_Disable
                0x080066d4       0x1c build/stm32h7xx_hal_cortex.o
                0x080066d4                HAL_MPU_Disable
 .text.HAL_MPU_Enable
                0x080066f0       0x20 build/stm32h7xx_hal_cortex.o
                0x080066f0                HAL_MPU_Enable
 .text.HAL_MPU_ConfigRegion
                0x08006710       0x58 build/stm32h7xx_hal_cortex.o
                0x08006710                HAL_MPU_ConfigRegion
 .text.HAL_Init
                0x08006768       0x5c build/stm32h7xx_hal.o
                0x08006768                HAL_Init
 .text.HAL_IncTick
                0x080067c4       0x18 build/stm32h7xx_hal.o
                0x080067c4                HAL_IncTick
 .text.HAL_GetTick
                0x080067dc        0xc build/stm32h7xx_hal.o
                0x080067dc                HAL_GetTick
 .text.HAL_I2C_MasterTxCpltCallback
                0x080067e8        0x2 build/stm32h7xx_hal_i2c.o
                0x080067e8                HAL_I2C_MasterTxCpltCallback
 .text.HAL_I2C_MasterRxCpltCallback
                0x080067ea        0x2 build/stm32h7xx_hal_i2c.o
                0x080067ea                HAL_I2C_MasterRxCpltCallback
 .text.HAL_I2C_SlaveTxCpltCallback
                0x080067ec        0x2 build/stm32h7xx_hal_i2c.o
                0x080067ec                HAL_I2C_SlaveTxCpltCallback
 .text.HAL_I2C_SlaveRxCpltCallback
                0x080067ee        0x2 build/stm32h7xx_hal_i2c.o
                0x080067ee                HAL_I2C_SlaveRxCpltCallback
 .text.HAL_I2C_AddrCallback
                0x080067f0        0x2 build/stm32h7xx_hal_i2c.o
                0x080067f0                HAL_I2C_AddrCallback
 .text.HAL_I2C_ListenCpltCallback
                0x080067f2        0x2 build/stm32h7xx_hal_i2c.o
                0x080067f2                HAL_I2C_ListenCpltCallback
 .text.HAL_I2C_MemTxCpltCallback
                0x080067f4        0x2 build/stm32h7xx_hal_i2c.o
                0x080067f4                HAL_I2C_MemTxCpltCallback
 .text.HAL_I2C_MemRxCpltCallback
                0x080067f6        0x2 build/stm32h7xx_hal_i2c.o
                0x080067f6                HAL_I2C_MemRxCpltCallback
 .text.HAL_I2C_ErrorCallback
                0x080067f8        0x2 build/stm32h7xx_hal_i2c.o
                0x080067f8                HAL_I2C_ErrorCallback
 .text.HAL_I2C_AbortCpltCallback
                0x080067fa        0x2 build/stm32h7xx_hal_i2c.o
                0x080067fa                HAL_I2C_AbortCpltCallback
 .text.I2C_TreatErrorCallback
                0x080067fc       0x2c build/stm32h7xx_hal_i2c.o
 .text.I2C_Flush_TXDR
                0x08006828       0x22 build/stm32h7xx_hal_i2c.o
 .text.I2C_DMAAbort
                0x0800684a       0x1a build/stm32h7xx_hal_i2c.o
 .text.I2C_Disable_IRQ
                0x08006864       0x6e build/stm32h7xx_hal_i2c.o
 *fill*         0x080068d2        0x2 
 .text.I2C_ITListenCplt
                0x080068d4       0x68 build/stm32h7xx_hal_i2c.o
 .text.I2C_ITAddrCplt
                0x0800693c       0xa0 build/stm32h7xx_hal_i2c.o
 .text.I2C_ITSlaveSeqCplt
                0x080069dc       0x7e build/stm32h7xx_hal_i2c.o
 *fill*         0x08006a5a        0x2 
 .text.I2C_ITError
                0x08006a5c      0x130 build/stm32h7xx_hal_i2c.o
 .text.I2C_ITSlaveCplt
                0x08006b8c      0x2cc build/stm32h7xx_hal_i2c.o
 .text.I2C_Slave_ISR_IT
                0x08006e58      0x146 build/stm32h7xx_hal_i2c.o
 *fill*         0x08006f9e        0x2 
 .text.HAL_I2C_Init
                0x08006fa0      0x128 build/stm32h7xx_hal_i2c.o
                0x08006fa0                HAL_I2C_Init
 .text.HAL_I2C_EV_IRQHandler
                0x080070c8       0x10 build/stm32h7xx_hal_i2c.o
                0x080070c8                HAL_I2C_EV_IRQHandler
 .text.HAL_I2C_ER_IRQHandler
                0x080070d8       0x6a build/stm32h7xx_hal_i2c.o
                0x080070d8                HAL_I2C_ER_IRQHandler
 .text.HAL_I2CEx_ConfigAnalogFilter
                0x08007142       0x5a build/stm32h7xx_hal_i2c_ex.o
                0x08007142                HAL_I2CEx_ConfigAnalogFilter
 .text.HAL_I2CEx_ConfigDigitalFilter
                0x0800719c       0x56 build/stm32h7xx_hal_i2c_ex.o
                0x0800719c                HAL_I2CEx_ConfigDigitalFilter
 *fill*         0x080071f2        0x2 
 .text.HAL_CRC_Init
                0x080071f4       0x80 build/stm32h7xx_hal_crc.o
                0x080071f4                HAL_CRC_Init
 .text.HAL_CRCEx_Polynomial_Set
                0x08007274       0x78 build/stm32h7xx_hal_crc_ex.o
                0x08007274                HAL_CRCEx_Polynomial_Set
 .text.HAL_IWDG_Init
                0x080072ec       0x6c build/stm32h7xx_hal_iwdg.o
                0x080072ec                HAL_IWDG_Init
 .text.SPI_CloseTransfer
                0x08007358       0xcc build/stm32h7xx_hal_spi.o
 .text.SPI_GetPacketSize
                0x08007424       0x10 build/stm32h7xx_hal_spi.o
 .text.HAL_SPI_Init
                0x08007434      0x190 build/stm32h7xx_hal_spi.o
                0x08007434                HAL_SPI_Init
 .text.HAL_SPI_TxCpltCallback
                0x080075c4        0x2 build/stm32h7xx_hal_spi.o
                0x080075c4                HAL_SPI_TxCpltCallback
 .text.HAL_SPI_RxCpltCallback
                0x080075c6        0x2 build/stm32h7xx_hal_spi.o
                0x080075c6                HAL_SPI_RxCpltCallback
 .text.HAL_SPI_TxRxCpltCallback
                0x080075c8        0x2 build/stm32h7xx_hal_spi.o
                0x080075c8                HAL_SPI_TxRxCpltCallback
 .text.HAL_SPI_ErrorCallback
                0x080075ca        0x2 build/stm32h7xx_hal_spi.o
                0x080075ca                HAL_SPI_ErrorCallback
 .text.SPI_DMAAbortOnError
                0x080075cc       0x1a build/stm32h7xx_hal_spi.o
 .text.HAL_SPI_SuspendCallback
                0x080075e6        0x2 build/stm32h7xx_hal_spi.o
                0x080075e6                HAL_SPI_SuspendCallback
 .text.HAL_SPI_IRQHandler
                0x080075e8      0x240 build/stm32h7xx_hal_spi.o
                0x080075e8                HAL_SPI_IRQHandler
 .text.UART_EndRxTransfer
                0x08007828       0x58 build/stm32h7xx_hal_uart.o
 .text.HAL_UART_TxCpltCallback
                0x08007880        0x2 build/stm32h7xx_hal_uart.o
                0x08007880                HAL_UART_TxCpltCallback
 .text.UART_EndTransmit_IT
                0x08007882       0x24 build/stm32h7xx_hal_uart.o
 .text.HAL_UART_ErrorCallback
                0x080078a6        0x2 build/stm32h7xx_hal_uart.o
                0x080078a6                HAL_UART_ErrorCallback
 .text.UART_DMAAbortOnError
                0x080078a8       0x10 build/stm32h7xx_hal_uart.o
 .text.HAL_UARTEx_RxEventCallback
                0x080078b8        0x2 build/stm32h7xx_hal_uart.o
                0x080078b8                HAL_UARTEx_RxEventCallback
 *fill*         0x080078ba        0x2 
 .text.HAL_UART_IRQHandler
                0x080078bc      0x3d0 build/stm32h7xx_hal_uart.o
                0x080078bc                HAL_UART_IRQHandler
 .text.UART_SetConfig
                0x08007c8c      0x6bc build/stm32h7xx_hal_uart.o
                0x08007c8c                UART_SetConfig
 .text.UART_AdvFeatureConfig
                0x08008348       0xca build/stm32h7xx_hal_uart.o
                0x08008348                UART_AdvFeatureConfig
 .text.UART_WaitOnFlagUntilTimeout
                0x08008412       0xa6 build/stm32h7xx_hal_uart.o
                0x08008412                UART_WaitOnFlagUntilTimeout
 .text.UART_CheckIdleState
                0x080084b8       0xca build/stm32h7xx_hal_uart.o
                0x080084b8                UART_CheckIdleState
 .text.HAL_UART_Init
                0x08008582       0x66 build/stm32h7xx_hal_uart.o
                0x08008582                HAL_UART_Init
 .text.UARTEx_SetNbDataToProcess
                0x080085e8       0x4c build/stm32h7xx_hal_uart_ex.o
 .text.HAL_UARTEx_WakeupCallback
                0x08008634        0x2 build/stm32h7xx_hal_uart_ex.o
                0x08008634                HAL_UARTEx_WakeupCallback
 .text.HAL_UARTEx_RxFifoFullCallback
                0x08008636        0x2 build/stm32h7xx_hal_uart_ex.o
                0x08008636                HAL_UARTEx_RxFifoFullCallback
 .text.HAL_UARTEx_TxFifoEmptyCallback
                0x08008638        0x2 build/stm32h7xx_hal_uart_ex.o
                0x08008638                HAL_UARTEx_TxFifoEmptyCallback
 .text.HAL_UARTEx_EnableFifoMode
                0x0800863a       0x48 build/stm32h7xx_hal_uart_ex.o
                0x0800863a                HAL_UARTEx_EnableFifoMode
 .text.HAL_UARTEx_SetTxFifoThreshold
                0x08008682       0x4a build/stm32h7xx_hal_uart_ex.o
                0x08008682                HAL_UARTEx_SetTxFifoThreshold
 .text.HAL_UARTEx_SetRxFifoThreshold
                0x080086cc       0x4a build/stm32h7xx_hal_uart_ex.o
                0x080086cc                HAL_UARTEx_SetRxFifoThreshold
 *fill*         0x08008716        0x2 
 .text.SystemInit
                0x08008718       0xd0 build/system_stm32h7xx.o
                0x08008718                SystemInit
 .text.ExitRun0Mode
                0x080087e8       0x1c build/system_stm32h7xx.o
                0x080087e8                ExitRun0Mode
 .text.vListInitialise
                0x08008804       0x16 build/list.o
                0x08008804                vListInitialise
 .text.vListInitialiseItem
                0x0800881a        0x6 build/list.o
                0x0800881a                vListInitialiseItem
 .text.vListInsertEnd
                0x08008820       0x16 build/list.o
                0x08008820                vListInsertEnd
 .text.vListInsert
                0x08008836       0x32 build/list.o
                0x08008836                vListInsert
 .text.uxListRemove
                0x08008868       0x26 build/list.o
                0x08008868                uxListRemove
 .text.prvIsQueueFull
                0x0800888e       0x1e build/queue.o
 .text.prvIsQueueEmpty
                0x080088ac       0x1a build/queue.o
 .text.prvCopyDataToQueue
                0x080088c6       0x76 build/queue.o
 .text.prvCopyDataFromQueue
                0x0800893c       0x24 build/queue.o
 .text.prvUnlockQueue
                0x08008960       0x6e build/queue.o
 .text.xQueueGenericReset
                0x080089ce       0x84 build/queue.o
                0x080089ce                xQueueGenericReset
 .text.prvInitialiseNewQueue
                0x08008a52       0x22 build/queue.o
 .text.xQueueGenericCreateStatic
                0x08008a74       0xa6 build/queue.o
                0x08008a74                xQueueGenericCreateStatic
 .text.xQueueGenericSend
                0x08008b1a      0x188 build/queue.o
                0x08008b1a                xQueueGenericSend
 .text.xQueueGenericSendFromISR
                0x08008ca2       0xce build/queue.o
                0x08008ca2                xQueueGenericSendFromISR
 .text.xQueueReceive
                0x08008d70      0x15e build/queue.o
                0x08008d70                xQueueReceive
 *fill*         0x08008ece        0x2 
 .text.vQueueAddToRegistry
                0x08008ed0       0x28 build/queue.o
                0x08008ed0                vQueueAddToRegistry
 .text.vQueueWaitForMessageRestricted
                0x08008ef8       0x52 build/queue.o
                0x08008ef8                vQueueWaitForMessageRestricted
 *fill*         0x08008f4a        0x2 
 .text.prvResetNextTaskUnblockTime
                0x08008f4c       0x2c build/tasks.o
 .text.prvInitialiseNewTask
                0x08008f78       0xa4 build/tasks.o
 .text.prvInitialiseTaskLists
                0x0800901c       0x68 build/tasks.o
 .text.prvAddNewTaskToReadyList
                0x08009084       0xac build/tasks.o
 .text.prvDeleteTCB
                0x08009130       0x38 build/tasks.o
 .text.prvCheckTasksWaitingTermination
                0x08009168       0x4c build/tasks.o
 .text.prvIdleTask
                0x080091b4       0x28 build/tasks.o
 .text.prvAddCurrentTaskToDelayedList
                0x080091dc       0x84 build/tasks.o
 .text.xTaskCreateStatic
                0x08009260       0x76 build/tasks.o
                0x08009260                xTaskCreateStatic
 .text.xTaskCreate
                0x080092d6       0x64 build/tasks.o
                0x080092d6                xTaskCreate
 *fill*         0x0800933a        0x2 
 .text.vTaskStartScheduler
                0x0800933c       0x98 build/tasks.o
                0x0800933c                vTaskStartScheduler
 .text.vTaskSuspendAll
                0x080093d4       0x10 build/tasks.o
                0x080093d4                vTaskSuspendAll
 .text.xTaskGetTickCount
                0x080093e4        0xc build/tasks.o
                0x080093e4                xTaskGetTickCount
 .text.xTaskIncrementTick
                0x080093f0      0x118 build/tasks.o
                0x080093f0                xTaskIncrementTick
 .text.xTaskResumeAll
                0x08009508       0xf8 build/tasks.o
                0x08009508                xTaskResumeAll
 .text.vTaskDelay
                0x08009600       0x4c build/tasks.o
                0x08009600                vTaskDelay
 .text.vTaskSwitchContext
                0x0800964c       0xcc build/tasks.o
                0x0800964c                vTaskSwitchContext
 .text.vTaskPlaceOnEventList
                0x08009718       0x30 build/tasks.o
                0x08009718                vTaskPlaceOnEventList
 .text.vTaskPlaceOnEventListRestricted
                0x08009748       0x38 build/tasks.o
                0x08009748                vTaskPlaceOnEventListRestricted
 .text.xTaskRemoveFromEventList
                0x08009780       0x8c build/tasks.o
                0x08009780                xTaskRemoveFromEventList
 .text.vTaskInternalSetTimeOutState
                0x0800980c       0x18 build/tasks.o
                0x0800980c                vTaskInternalSetTimeOutState
 .text.xTaskCheckForTimeOut
                0x08009824       0x88 build/tasks.o
                0x08009824                xTaskCheckForTimeOut
 .text.vTaskMissedYield
                0x080098ac        0xc build/tasks.o
                0x080098ac                vTaskMissedYield
 .text.xTaskGetSchedulerState
                0x080098b8       0x20 build/tasks.o
                0x080098b8                xTaskGetSchedulerState
 .text.xTaskPriorityDisinherit
                0x080098d8       0x90 build/tasks.o
                0x080098d8                xTaskPriorityDisinherit
 .text.prvGetNextExpireTime
                0x08009968       0x20 build/timers.o
 .text.prvInsertTimerInActiveList
                0x08009988       0x50 build/timers.o
 .text.prvCheckForValidListAndQueue
                0x080099d8       0x70 build/timers.o
 .text.xTimerCreateTimerTask
                0x08009a48       0x64 build/timers.o
                0x08009a48                xTimerCreateTimerTask
 .text.xTimerGenericCommand
                0x08009aac       0x6c build/timers.o
                0x08009aac                xTimerGenericCommand
 .text.prvSwitchTimerLists
                0x08009b18       0x7c build/timers.o
 .text.prvSampleTimeNow
                0x08009b94       0x2c build/timers.o
 .text.prvProcessExpiredTimer
                0x08009bc0       0x6c build/timers.o
 .text.prvProcessTimerOrBlockTask
                0x08009c2c       0x78 build/timers.o
 .text.prvProcessReceivedCommands
                0x08009ca4      0x10c build/timers.o
 .text.prvTimerTask
                0x08009db0       0x16 build/timers.o
 .text.SysTick_Handler
                0x08009dc6       0x18 build/cmsis_os2.o
                0x08009dc6                SysTick_Handler
 *fill*         0x08009dde        0x2 
 .text.osKernelInitialize
                0x08009de0       0x24 build/cmsis_os2.o
                0x08009de0                osKernelInitialize
 .text.osKernelStart
                0x08009e04       0x38 build/cmsis_os2.o
                0x08009e04                osKernelStart
 .text.osThreadNew
                0x08009e3c       0xb4 build/cmsis_os2.o
                0x08009e3c                osThreadNew
 .text.osDelay  0x08009ef0       0x1c build/cmsis_os2.o
                0x08009ef0                osDelay
 .text.vApplicationGetIdleTaskMemory
                0x08009f0c       0x18 build/cmsis_os2.o
                0x08009f0c                vApplicationGetIdleTaskMemory
 .text.vApplicationGetTimerTaskMemory
                0x08009f24       0x18 build/cmsis_os2.o
                0x08009f24                vApplicationGetTimerTaskMemory
 .text.prvHeapInit
                0x08009f3c       0x64 build/heap_4.o
 .text.prvInsertBlockIntoFreeList
                0x08009fa0       0x64 build/heap_4.o
 .text.pvPortMalloc
                0x0800a004      0x118 build/heap_4.o
                0x0800a004                pvPortMalloc
 .text.vPortFree
                0x0800a11c       0x7c build/heap_4.o
                0x0800a11c                vPortFree
 .text.prvTaskExitError
                0x0800a198       0x40 build/port.o
 .text.prvPortStartFirstTask
                0x0800a1d8       0x28 build/port.o
 .text.vPortEnableVFP
                0x0800a200       0x14 build/port.o
 .text.pxPortInitialiseStack
                0x0800a214       0x2c build/port.o
                0x0800a214                pxPortInitialiseStack
 .text.SVC_Handler
                0x0800a240       0x24 build/port.o
                0x0800a240                SVC_Handler
 .text.vPortEnterCritical
                0x0800a264       0x44 build/port.o
                0x0800a264                vPortEnterCritical
 .text.vPortExitCritical
                0x0800a2a8       0x2c build/port.o
                0x0800a2a8                vPortExitCritical
 *fill*         0x0800a2d4        0xc 
 .text.PendSV_Handler
                0x0800a2e0       0x64 build/port.o
                0x0800a2e0                PendSV_Handler
 .text.xPortSysTickHandler
                0x0800a344       0x2c build/port.o
                0x0800a344                xPortSysTickHandler
 .text.vPortSetupTimerInterrupt
                0x0800a370       0x28 build/port.o
                0x0800a370                vPortSetupTimerInterrupt
 .text.xPortStartScheduler
                0x0800a398      0x118 build/port.o
                0x0800a398                xPortStartScheduler
 .text.vPortValidateInterruptPriority
                0x0800a4b0       0x5c build/port.o
                0x0800a4b0                vPortValidateInterruptPriority
 .text.Reset_Handler
                0x0800a50c       0x54 build/startup_stm32h723xx.o
                0x0800a50c                Reset_Handler
 .text.Default_Handler
                0x0800a560        0x2 build/startup_stm32h723xx.o
                0x0800a560                SAI1_IRQHandler
                0x0800a560                EXTI2_IRQHandler
                0x0800a560                TIM8_CC_IRQHandler
                0x0800a560                UART8_IRQHandler
                0x0800a560                SPI4_IRQHandler
                0x0800a560                FDCAN3_IT0_IRQHandler
                0x0800a560                TIM1_CC_IRQHandler
                0x0800a560                BDMA_Channel6_IRQHandler
                0x0800a560                DMA2_Stream5_IRQHandler
                0x0800a560                CORDIC_IRQHandler
                0x0800a560                BDMA_Channel1_IRQHandler
                0x0800a560                TAMP_STAMP_IRQHandler
                0x0800a560                EXTI3_IRQHandler
                0x0800a560                LPTIM4_IRQHandler
                0x0800a560                TIM8_TRG_COM_TIM14_IRQHandler
                0x0800a560                LPTIM2_IRQHandler
                0x0800a560                DFSDM1_FLT1_IRQHandler
                0x0800a560                DMAMUX2_OVR_IRQHandler
                0x0800a560                TIM8_UP_TIM13_IRQHandler
                0x0800a560                I2C3_ER_IRQHandler
                0x0800a560                DFSDM1_FLT2_IRQHandler
                0x0800a560                I2C5_EV_IRQHandler
                0x0800a560                USART10_IRQHandler
                0x0800a560                MDMA_IRQHandler
                0x0800a560                LPTIM3_IRQHandler
                0x0800a560                HSEM1_IRQHandler
                0x0800a560                EXTI0_IRQHandler
                0x0800a560                I2C2_EV_IRQHandler
                0x0800a560                FPU_IRQHandler
                0x0800a560                OTG_HS_WKUP_IRQHandler
                0x0800a560                FDCAN1_IT1_IRQHandler
                0x0800a560                LTDC_ER_IRQHandler
                0x0800a560                DMA2_Stream2_IRQHandler
                0x0800a560                OCTOSPI1_IRQHandler
                0x0800a560                DMA2_Stream3_IRQHandler
                0x0800a560                OCTOSPI2_IRQHandler
                0x0800a560                DFSDM1_FLT3_IRQHandler
                0x0800a560                TIM23_IRQHandler
                0x0800a560                TIM17_IRQHandler
                0x0800a560                BDMA_Channel7_IRQHandler
                0x0800a560                LPTIM5_IRQHandler
                0x0800a560                UART5_IRQHandler
                0x0800a560                ADC3_IRQHandler
                0x0800a560                TIM4_IRQHandler
                0x0800a560                BDMA_Channel2_IRQHandler
                0x0800a560                DMAMUX1_OVR_IRQHandler
                0x0800a560                TIM16_IRQHandler
                0x0800a560                BDMA_Channel5_IRQHandler
                0x0800a560                TIM3_IRQHandler
                0x0800a560                RCC_IRQHandler
                0x0800a560                UART9_IRQHandler
                0x0800a560                TIM8_BRK_TIM12_IRQHandler
                0x0800a560                TIM1_TRG_COM_IRQHandler
                0x0800a560                Default_Handler
                0x0800a560                ECC_IRQHandler
                0x0800a560                FMAC_IRQHandler
                0x0800a560                CEC_IRQHandler
                0x0800a560                EXTI15_10_IRQHandler
                0x0800a560                BDMA_Channel0_IRQHandler
                0x0800a560                ADC_IRQHandler
                0x0800a560                I2C5_ER_IRQHandler
                0x0800a560                SPI5_IRQHandler
                0x0800a560                TIM7_IRQHandler
                0x0800a560                FDCAN3_IT1_IRQHandler
                0x0800a560                SDMMC1_IRQHandler
                0x0800a560                TIM5_IRQHandler
                0x0800a560                DMA2_Stream7_IRQHandler
                0x0800a560                TIM15_IRQHandler
                0x0800a560                PVD_AVD_IRQHandler
                0x0800a560                I2C3_EV_IRQHandler
                0x0800a560                EXTI9_5_IRQHandler
                0x0800a560                RTC_WKUP_IRQHandler
                0x0800a560                LTDC_IRQHandler
                0x0800a560                ETH_WKUP_IRQHandler
                0x0800a560                SPDIF_RX_IRQHandler
                0x0800a560                SPI2_IRQHandler
                0x0800a560                OTG_HS_EP1_IN_IRQHandler
                0x0800a560                TIM24_IRQHandler
                0x0800a560                CRS_IRQHandler
                0x0800a560                EXTI4_IRQHandler
                0x0800a560                RNG_IRQHandler
                0x0800a560                FDCAN2_IT1_IRQHandler
                0x0800a560                ETH_IRQHandler
                0x0800a560                TIM1_UP_IRQHandler
                0x0800a560                BDMA_Channel4_IRQHandler
                0x0800a560                OTG_HS_EP1_OUT_IRQHandler
                0x0800a560                WWDG_IRQHandler
                0x0800a560                SPI6_IRQHandler
                0x0800a560                MDIOS_IRQHandler
                0x0800a560                I2C4_EV_IRQHandler
                0x0800a560                FDCAN2_IT0_IRQHandler
                0x0800a560                LPUART1_IRQHandler
                0x0800a560                FDCAN1_IT0_IRQHandler
                0x0800a560                TIM2_IRQHandler
                0x0800a560                OTG_HS_IRQHandler
                0x0800a560                DMA2D_IRQHandler
                0x0800a560                TIM1_BRK_IRQHandler
                0x0800a560                EXTI1_IRQHandler
                0x0800a560                SDMMC2_IRQHandler
                0x0800a560                BDMA_Channel3_IRQHandler
                0x0800a560                DTS_IRQHandler
                0x0800a560                UART7_IRQHandler
                0x0800a560                MDIOS_WKUP_IRQHandler
                0x0800a560                USART2_IRQHandler
                0x0800a560                DFSDM1_FLT0_IRQHandler
                0x0800a560                SAI4_IRQHandler
                0x0800a560                I2C2_ER_IRQHandler
                0x0800a560                DMA2_Stream1_IRQHandler
                0x0800a560                FLASH_IRQHandler
                0x0800a560                DMA2_Stream4_IRQHandler
                0x0800a560                USART1_IRQHandler
                0x0800a560                SPI3_IRQHandler
                0x0800a560                WAKEUP_PIN_IRQHandler
                0x0800a560                FMC_IRQHandler
                0x0800a560                FDCAN_CAL_IRQHandler
                0x0800a560                SWPMI1_IRQHandler
                0x0800a560                COMP1_IRQHandler
                0x0800a560                LPTIM1_IRQHandler
                0x0800a560                DCMI_PSSI_IRQHandler
                0x0800a560                I2C4_ER_IRQHandler
                0x0800a560                DMA2_Stream6_IRQHandler
                0x0800a560                RTC_Alarm_IRQHandler
 .text.memset   0x0800a562       0x10 /Applications/ArmGNUToolchain/14.2.rel1/arm-none-eabi/bin/../lib/gcc/arm-none-eabi/14.2.1/../../../../arm-none-eabi/lib/thumb/v7e-m+dp/hard/libc_nano.a(libc_a-memset.o)
                0x0800a562                memset
 *fill*         0x0800a572        0x2 
 .text.__libc_init_array
                0x0800a574       0x48 /Applications/ArmGNUToolchain/14.2.rel1/arm-none-eabi/bin/../lib/gcc/arm-none-eabi/14.2.1/../../../../arm-none-eabi/lib/thumb/v7e-m+dp/hard/libc_nano.a(libc_a-init.o)
                0x0800a574                __libc_init_array
 .text.memcpy   0x0800a5bc       0x1c /Applications/ArmGNUToolchain/14.2.rel1/arm-none-eabi/bin/../lib/gcc/arm-none-eabi/14.2.1/../../../../arm-none-eabi/lib/thumb/v7e-m+dp/hard/libc_nano.a(libc_a-memcpy-stub.o)
                0x0800a5bc                memcpy
 .text.__udivmoddi4
                0x0800a5d8      0x2f8 /Applications/ArmGNUToolchain/14.2.rel1/arm-none-eabi/bin/../lib/gcc/arm-none-eabi/14.2.1/thumb/v7e-m+dp/hard/libgcc.a(_udivmoddi4.o)
                0x0800a5d8                __udivmoddi4
 *(.glue_7)
 .glue_7        0x0800a8d0        0x0 linker stubs
 *(.glue_7t)
 .glue_7t       0x0800a8d0        0x0 linker stubs
 *(.eh_frame)
 .eh_frame      0x0800a8d0        0x0 /Applications/ArmGNUToolchain/14.2.rel1/arm-none-eabi/bin/../lib/gcc/arm-none-eabi/14.2.1/thumb/v7e-m+dp/hard/crtbegin.o
 *(.init)
 .init          0x0800a8d0        0x4 /Applications/ArmGNUToolchain/14.2.rel1/arm-none-eabi/bin/../lib/gcc/arm-none-eabi/14.2.1/thumb/v7e-m+dp/hard/crti.o
                0x0800a8d0                _init
 .init          0x0800a8d4        0x8 /Applications/ArmGNUToolchain/14.2.rel1/arm-none-eabi/bin/../lib/gcc/arm-none-eabi/14.2.1/thumb/v7e-m+dp/hard/crtn.o
 *(.fini)
 .fini          0x0800a8dc        0x4 /Applications/ArmGNUToolchain/14.2.rel1/arm-none-eabi/bin/../lib/gcc/arm-none-eabi/14.2.1/thumb/v7e-m+dp/hard/crti.o
                0x0800a8dc                _fini
 .fini          0x0800a8e0        0x8 /Applications/ArmGNUToolchain/14.2.rel1/arm-none-eabi/bin/../lib/gcc/arm-none-eabi/14.2.1/thumb/v7e-m+dp/hard/crtn.o
                0x0800a8e8                        . = ALIGN (0x4)
                0x0800a8e8                        _etext = .

.vfp11_veneer   0x0800a8e8        0x0
 .vfp11_veneer  0x0800a8e8        0x0 linker stubs

.v4_bx          0x0800a8e8        0x0
 .v4_bx         0x0800a8e8        0x0 linker stubs

.iplt           0x0800a8e8        0x0
 .iplt          0x0800a8e8        0x0 /Applications/ArmGNUToolchain/14.2.rel1/arm-none-eabi/bin/../lib/gcc/arm-none-eabi/14.2.1/thumb/v7e-m+dp/hard/crtbegin.o

.rodata         0x0800a8e8       0x88
                0x0800a8e8                        . = ALIGN (0x4)
 *(.rodata)
 *(.rodata*)
 .rodata.str1.4
                0x0800a8e8       0x24 build/main.o
                                  0xc (size before relaxing)
 .rodata.defaultTask_attributes
                0x0800a90c       0x24 build/main.o
                0x0800a90c                defaultTask_attributes
 .rodata.flagBitshiftOffset.0
                0x0800a930        0x8 build/stm32h7xx_hal_dma.o
 .rodata.UARTPrescTable
                0x0800a938       0x18 build/stm32h7xx_hal_uart.o
                0x0800a938                UARTPrescTable
 .rodata.denominator.0
                0x0800a950        0x8 build/stm32h7xx_hal_uart_ex.o
 .rodata.numerator.1
                0x0800a958        0x8 build/stm32h7xx_hal_uart_ex.o
 .rodata.D1CorePrescTable
                0x0800a960       0x10 build/system_stm32h7xx.o
                0x0800a960                D1CorePrescTable
 .rodata.vTaskStartScheduler.str1.4
                0x0800a970        0x5 build/tasks.o
 .rodata.prvCheckForValidListAndQueue.str1.4
                0x0800a970        0x5 build/timers.o
 .rodata.xTimerCreateTimerTask.str1.4
                0x0800a970        0x8 build/timers.o
                0x0800a978                        . = ALIGN (0x4)

.ARM.extab      0x0800a970        0x0
                0x0800a970                        . = ALIGN (0x4)
 *(.ARM.extab* .gnu.linkonce.armextab.*)
                0x0800a970                        . = ALIGN (0x4)

.ARM            0x0800a970        0x8
                0x0800a970                        . = ALIGN (0x4)
                0x0800a970                        __exidx_start = .
 *(.ARM.exidx*)
 .ARM.exidx.text.__udivmoddi4
                0x0800a970        0x8 /Applications/ArmGNUToolchain/14.2.rel1/arm-none-eabi/bin/../lib/gcc/arm-none-eabi/14.2.1/thumb/v7e-m+dp/hard/libgcc.a(_udivmoddi4.o)
                0x0800a978                        __exidx_end = .
                0x0800a978                        . = ALIGN (0x4)

.preinit_array  0x0800a978        0x0
                0x0800a978                        . = ALIGN (0x4)
                0x0800a978                        PROVIDE (__preinit_array_start = .)
 *(.preinit_array*)
                0x0800a978                        PROVIDE (__preinit_array_end = .)
                0x0800a978                        . = ALIGN (0x4)

.init_array     0x0800a978        0x4
                0x0800a978                        . = ALIGN (0x4)
                0x0800a978                        PROVIDE (__init_array_start = .)
 *(SORT_BY_NAME(.init_array.*))
 *(.init_array*)
 .init_array    0x0800a978        0x4 /Applications/ArmGNUToolchain/14.2.rel1/arm-none-eabi/bin/../lib/gcc/arm-none-eabi/14.2.1/thumb/v7e-m+dp/hard/crtbegin.o
                0x0800a97c                        PROVIDE (__init_array_end = .)
                0x0800a97c                        . = ALIGN (0x4)

.fini_array     0x0800a97c        0x4
                0x0800a97c                        . = ALIGN (0x4)
                [!provide]                        PROVIDE (__fini_array_start = .)
 *(SORT_BY_NAME(.fini_array.*))
 *(.fini_array*)
 .fini_array    0x0800a97c        0x4 /Applications/ArmGNUToolchain/14.2.rel1/arm-none-eabi/bin/../lib/gcc/arm-none-eabi/14.2.1/thumb/v7e-m+dp/hard/crtbegin.o
                [!provide]                        PROVIDE (__fini_array_end = .)
                0x0800a980                        . = ALIGN (0x4)
                0x0800a980                        _sidata = LOADADDR (.data)

.rel.dyn        0x0800a980        0x0
 .rel.iplt      0x0800a980        0x0 /Applications/ArmGNUToolchain/14.2.rel1/arm-none-eabi/bin/../lib/gcc/arm-none-eabi/14.2.1/thumb/v7e-m+dp/hard/crtbegin.o

.data           0x20000000       0x14 load address 0x0800a980
                0x20000000                        . = ALIGN (0x4)
                0x20000000                        _sdata = .
 *(.data)
 *(.data*)
 .data.uwTickFreq
                0x20000000        0x1 build/stm32h7xx_hal.o
                0x20000000                uwTickFreq
 *fill*         0x20000001        0x3 
 .data.uwTickPrio
                0x20000004        0x4 build/stm32h7xx_hal.o
                0x20000004                uwTickPrio
 .data.SystemD2Clock
                0x20000008        0x4 build/system_stm32h7xx.o
                0x20000008                SystemD2Clock
 .data.SystemCoreClock
                0x2000000c        0x4 build/system_stm32h7xx.o
                0x2000000c                SystemCoreClock
 .data.uxCriticalNesting
                0x20000010        0x4 build/port.o
 *(.RamFunc)
 *(.RamFunc*)
                0x20000014                        . = ALIGN (0x4)
                0x20000014                        _edata = .

.tm_clone_table
                0x20000014        0x0 load address 0x0800a994
 .tm_clone_table
                0x20000014        0x0 /Applications/ArmGNUToolchain/14.2.rel1/arm-none-eabi/bin/../lib/gcc/arm-none-eabi/14.2.1/thumb/v7e-m+dp/hard/crtbegin.o
 .tm_clone_table
                0x20000014        0x0 /Applications/ArmGNUToolchain/14.2.rel1/arm-none-eabi/bin/../lib/gcc/arm-none-eabi/14.2.1/thumb/v7e-m+dp/hard/crtend.o

.igot.plt       0x20000014        0x0 load address 0x0800a994
 .igot.plt      0x20000014        0x0 /Applications/ArmGNUToolchain/14.2.rel1/arm-none-eabi/bin/../lib/gcc/arm-none-eabi/14.2.1/thumb/v7e-m+dp/hard/crtbegin.o
                0x20000014                        . = ALIGN (0x4)

.bss            0x20000014     0x52c4 load address 0x0800a994
                0x20000014                        _sbss = .
                0x20000014                        __bss_start__ = _sbss
 *(.bss)
 *(.bss*)
 .bss.completed.1
                0x20000014        0x1 /Applications/ArmGNUToolchain/14.2.rel1/arm-none-eabi/bin/../lib/gcc/arm-none-eabi/14.2.1/thumb/v7e-m+dp/hard/crtbegin.o
 *fill*         0x20000015        0x3 
 .bss.object.0  0x20000018       0x18 /Applications/ArmGNUToolchain/14.2.rel1/arm-none-eabi/bin/../lib/gcc/arm-none-eabi/14.2.1/thumb/v7e-m+dp/hard/crtbegin.o
 .bss.defaultTaskHandle
                0x20000030        0x4 build/main.o
                0x20000030                defaultTaskHandle
 .bss.hdma_usart6_tx
                0x20000034       0x78 build/main.o
                0x20000034                hdma_usart6_tx
 .bss.hdma_usart6_rx
                0x200000ac       0x78 build/main.o
                0x200000ac                hdma_usart6_rx
 .bss.hdma_uart4_tx
                0x20000124       0x78 build/main.o
                0x20000124                hdma_uart4_tx
 .bss.hdma_uart4_rx
                0x2000019c       0x78 build/main.o
                0x2000019c                hdma_uart4_rx
 .bss.huart6    0x20000214       0x94 build/main.o
                0x20000214                huart6
 .bss.huart3    0x200002a8       0x94 build/main.o
                0x200002a8                huart3
 .bss.huart4    0x2000033c       0x94 build/main.o
                0x2000033c                huart4
 .bss.htim1     0x200003d0       0xbc build/main.o
                0x200003d0                htim1
 .bss.hdma_spi1_tx
                0x2000048c       0x78 build/main.o
                0x2000048c                hdma_spi1_tx
 .bss.hdma_spi1_rx
                0x20000504       0x78 build/main.o
                0x20000504                hdma_spi1_rx
 .bss.hspi1     0x2000057c       0x88 build/main.o
                0x2000057c                hspi1
 .bss.hiwdg1    0x20000604       0x10 build/main.o
                0x20000604                hiwdg1
 .bss.hdma_i2c1_tx
                0x20000614       0x78 build/main.o
                0x20000614                hdma_i2c1_tx
 .bss.hdma_i2c1_rx
                0x2000068c       0x78 build/main.o
                0x2000068c                hdma_i2c1_rx
 .bss.hi2c1     0x20000704       0x84 build/main.o
                0x20000704                hi2c1
 .bss.hcrc      0x20000788       0x24 build/main.o
                0x20000788                hcrc
 .bss.hdma_adc1
                0x200007ac       0x78 build/main.o
                0x200007ac                hdma_adc1
 .bss.hadc1     0x20000824       0x9c build/main.o
                0x20000824                hadc1
 .bss.htim6     0x200008c0       0xbc build/stm32h7xx_hal_timebase_tim.o
                0x200008c0                htim6
 .bss.uwTick    0x2000097c        0x4 build/stm32h7xx_hal.o
                0x2000097c                uwTick
 .bss.xQueueRegistry
                0x20000980       0x40 build/queue.o
                0x20000980                xQueueRegistry
 .bss.uxSchedulerSuspended
                0x200009c0        0x4 build/tasks.o
 .bss.xIdleTaskHandle
                0x200009c4        0x4 build/tasks.o
 .bss.xNextTaskUnblockTime
                0x200009c8        0x4 build/tasks.o
 .bss.uxTaskNumber
                0x200009cc        0x4 build/tasks.o
 .bss.xNumOfOverflows
                0x200009d0        0x4 build/tasks.o
 .bss.xYieldPending
                0x200009d4        0x4 build/tasks.o
 .bss.xPendedTicks
                0x200009d8        0x4 build/tasks.o
 .bss.xSchedulerRunning
                0x200009dc        0x4 build/tasks.o
 .bss.uxTopReadyPriority
                0x200009e0        0x4 build/tasks.o
 .bss.xTickCount
                0x200009e4        0x4 build/tasks.o
 .bss.uxCurrentNumberOfTasks
                0x200009e8        0x4 build/tasks.o
 .bss.xSuspendedTaskList
                0x200009ec       0x14 build/tasks.o
 .bss.uxDeletedTasksWaitingCleanUp
                0x20000a00        0x4 build/tasks.o
 .bss.xTasksWaitingTermination
                0x20000a04       0x14 build/tasks.o
 .bss.xPendingReadyList
                0x20000a18       0x14 build/tasks.o
 .bss.pxOverflowDelayedTaskList
                0x20000a2c        0x4 build/tasks.o
 .bss.pxDelayedTaskList
                0x20000a30        0x4 build/tasks.o
 .bss.xDelayedTaskList2
                0x20000a34       0x14 build/tasks.o
 .bss.xDelayedTaskList1
                0x20000a48       0x14 build/tasks.o
 .bss.pxReadyTasksLists
                0x20000a5c      0x460 build/tasks.o
 .bss.pxCurrentTCB
                0x20000ebc        0x4 build/tasks.o
                0x20000ebc                pxCurrentTCB
 .bss.xStaticTimerQueue.0
                0x20000ec0       0x50 build/timers.o
 .bss.ucStaticTimerQueueStorage.1
                0x20000f10       0xa0 build/timers.o
 .bss.xLastTime.2
                0x20000fb0        0x4 build/timers.o
 .bss.xTimerTaskHandle
                0x20000fb4        0x4 build/timers.o
 .bss.xTimerQueue
                0x20000fb8        0x4 build/timers.o
 .bss.pxOverflowTimerList
                0x20000fbc        0x4 build/timers.o
 .bss.pxCurrentTimerList
                0x20000fc0        0x4 build/timers.o
 .bss.xActiveTimerList2
                0x20000fc4       0x14 build/timers.o
 .bss.xActiveTimerList1
                0x20000fd8       0x14 build/timers.o
 .bss.Timer_Stack.0
                0x20000fec      0x400 build/cmsis_os2.o
 .bss.Timer_TCB.1
                0x200013ec       0x60 build/cmsis_os2.o
 .bss.Idle_Stack.2
                0x2000144c      0x200 build/cmsis_os2.o
 .bss.Idle_TCB.3
                0x2000164c       0x60 build/cmsis_os2.o
 .bss.KernelState
                0x200016ac        0x4 build/cmsis_os2.o
 .bss.xBlockAllocatedBit
                0x200016b0        0x4 build/heap_4.o
 .bss.xNumberOfSuccessfulFrees
                0x200016b4        0x4 build/heap_4.o
 .bss.xNumberOfSuccessfulAllocations
                0x200016b8        0x4 build/heap_4.o
 .bss.xMinimumEverFreeBytesRemaining
                0x200016bc        0x4 build/heap_4.o
 .bss.xFreeBytesRemaining
                0x200016c0        0x4 build/heap_4.o
 .bss.pxEnd     0x200016c4        0x4 build/heap_4.o
 .bss.xStart    0x200016c8        0x8 build/heap_4.o
 .bss.ucHeap    0x200016d0     0x3c00 build/heap_4.o
 .bss.ulMaxPRIGROUPValue
                0x200052d0        0x4 build/port.o
 .bss.ucMaxSysCallPriority
                0x200052d4        0x1 build/port.o
 *(COMMON)
                0x200052d8                        . = ALIGN (0x4)
 *fill*         0x200052d5        0x3 
                0x200052d8                        _ebss = .
                0x200052d8                        __bss_end__ = _ebss

._user_heap_stack
                0x200052d8      0x600 load address 0x0800a994
                0x200052d8                        . = ALIGN (0x8)
                0x200052d8                        PROVIDE (end = .)
                [!provide]                        PROVIDE (_end = .)
                0x200054d8                        . = (. + _Min_Heap_Size)
 *fill*         0x200052d8      0x200 
                0x200058d8                        . = (. + _Min_Stack_Size)
 *fill*         0x200054d8      0x400 
                0x200058d8                        . = ALIGN (0x8)

/DISCARD/
 libc.a(*)
 libm.a(*)
 libgcc.a(*)
OUTPUT(build/Drone.elf elf32-littlearm)
LOAD linker stubs
LOAD /Applications/ArmGNUToolchain/14.2.rel1/arm-none-eabi/bin/../lib/gcc/arm-none-eabi/14.2.1/../../../../arm-none-eabi/lib/thumb/v7e-m+dp/hard/libc.a
LOAD /Applications/ArmGNUToolchain/14.2.rel1/arm-none-eabi/bin/../lib/gcc/arm-none-eabi/14.2.1/../../../../arm-none-eabi/lib/thumb/v7e-m+dp/hard/libm.a
LOAD /Applications/ArmGNUToolchain/14.2.rel1/arm-none-eabi/bin/../lib/gcc/arm-none-eabi/14.2.1/thumb/v7e-m+dp/hard/libgcc.a

.ARM.attributes
                0x00000000       0x2e
 .ARM.attributes
                0x00000000       0x20 /Applications/ArmGNUToolchain/14.2.rel1/arm-none-eabi/bin/../lib/gcc/arm-none-eabi/14.2.1/thumb/v7e-m+dp/hard/crti.o
 .ARM.attributes
                0x00000020       0x32 /Applications/ArmGNUToolchain/14.2.rel1/arm-none-eabi/bin/../lib/gcc/arm-none-eabi/14.2.1/thumb/v7e-m+dp/hard/crtbegin.o
 .ARM.attributes
                0x00000052       0x32 build/main.o
 .ARM.attributes
                0x00000084       0x32 build/freertos.o
 .ARM.attributes
                0x000000b6       0x32 build/stm32h7xx_it.o
 .ARM.attributes
                0x000000e8       0x32 build/stm32h7xx_hal_msp.o
 .ARM.attributes
                0x0000011a       0x32 build/stm32h7xx_hal_timebase_tim.o
 .ARM.attributes
                0x0000014c       0x32 build/stm32h7xx_hal_tim.o
 .ARM.attributes
                0x0000017e       0x32 build/stm32h7xx_hal_tim_ex.o
 .ARM.attributes
                0x000001b0       0x32 build/stm32h7xx_hal_adc.o
 .ARM.attributes
                0x000001e2       0x32 build/stm32h7xx_hal_adc_ex.o
 .ARM.attributes
                0x00000214       0x32 build/stm32h7xx_hal_rcc.o
 .ARM.attributes
                0x00000246       0x32 build/stm32h7xx_hal_rcc_ex.o
 .ARM.attributes
                0x00000278       0x32 build/stm32h7xx_hal_gpio.o
 .ARM.attributes
                0x000002aa       0x32 build/stm32h7xx_hal_dma.o
 .ARM.attributes
                0x000002dc       0x32 build/stm32h7xx_hal_pwr_ex.o
 .ARM.attributes
                0x0000030e       0x32 build/stm32h7xx_hal_cortex.o
 .ARM.attributes
                0x00000340       0x32 build/stm32h7xx_hal.o
 .ARM.attributes
                0x00000372       0x32 build/stm32h7xx_hal_i2c.o
 .ARM.attributes
                0x000003a4       0x32 build/stm32h7xx_hal_i2c_ex.o
 .ARM.attributes
                0x000003d6       0x32 build/stm32h7xx_hal_crc.o
 .ARM.attributes
                0x00000408       0x32 build/stm32h7xx_hal_crc_ex.o
 .ARM.attributes
                0x0000043a       0x32 build/stm32h7xx_hal_iwdg.o
 .ARM.attributes
                0x0000046c       0x32 build/stm32h7xx_hal_spi.o
 .ARM.attributes
                0x0000049e       0x32 build/stm32h7xx_hal_uart.o
 .ARM.attributes
                0x000004d0       0x32 build/stm32h7xx_hal_uart_ex.o
 .ARM.attributes
                0x00000502       0x32 build/system_stm32h7xx.o
 .ARM.attributes
                0x00000534       0x32 build/list.o
 .ARM.attributes
                0x00000566       0x32 build/queue.o
 .ARM.attributes
                0x00000598       0x32 build/tasks.o
 .ARM.attributes
                0x000005ca       0x32 build/timers.o
 .ARM.attributes
                0x000005fc       0x32 build/cmsis_os2.o
 .ARM.attributes
                0x0000062e       0x32 build/heap_4.o
 .ARM.attributes
                0x00000660       0x32 build/port.o
 .ARM.attributes
                0x00000692       0x21 build/startup_stm32h723xx.o
 .ARM.attributes
                0x000006b3       0x32 /Applications/ArmGNUToolchain/14.2.rel1/arm-none-eabi/bin/../lib/gcc/arm-none-eabi/14.2.1/../../../../arm-none-eabi/lib/thumb/v7e-m+dp/hard/libc_nano.a(libc_a-memset.o)
 .ARM.attributes
                0x000006e5       0x32 /Applications/ArmGNUToolchain/14.2.rel1/arm-none-eabi/bin/../lib/gcc/arm-none-eabi/14.2.1/../../../../arm-none-eabi/lib/thumb/v7e-m+dp/hard/libc_nano.a(libc_a-init.o)
 .ARM.attributes
                0x00000717       0x32 /Applications/ArmGNUToolchain/14.2.rel1/arm-none-eabi/bin/../lib/gcc/arm-none-eabi/14.2.1/../../../../arm-none-eabi/lib/thumb/v7e-m+dp/hard/libc_nano.a(libc_a-memcpy-stub.o)
 .ARM.attributes
                0x00000749       0x20 /Applications/ArmGNUToolchain/14.2.rel1/arm-none-eabi/bin/../lib/gcc/arm-none-eabi/14.2.1/thumb/v7e-m+dp/hard/libgcc.a(_aeabi_uldivmod.o)
 .ARM.attributes
                0x00000769       0x32 /Applications/ArmGNUToolchain/14.2.rel1/arm-none-eabi/bin/../lib/gcc/arm-none-eabi/14.2.1/thumb/v7e-m+dp/hard/libgcc.a(_udivmoddi4.o)
 .ARM.attributes
                0x0000079b       0x20 /Applications/ArmGNUToolchain/14.2.rel1/arm-none-eabi/bin/../lib/gcc/arm-none-eabi/14.2.1/thumb/v7e-m+dp/hard/libgcc.a(_dvmd_tls.o)
 .ARM.attributes
                0x000007bb       0x32 /Applications/ArmGNUToolchain/14.2.rel1/arm-none-eabi/bin/../lib/gcc/arm-none-eabi/14.2.1/thumb/v7e-m+dp/hard/crtend.o
 .ARM.attributes
                0x000007ed       0x20 /Applications/ArmGNUToolchain/14.2.rel1/arm-none-eabi/bin/../lib/gcc/arm-none-eabi/14.2.1/thumb/v7e-m+dp/hard/crtn.o

.comment        0x00000000       0x45
 .comment       0x00000000       0x45 build/main.o
                                 0x46 (size before relaxing)
 .comment       0x00000045       0x46 build/freertos.o
 .comment       0x00000045       0x46 build/stm32h7xx_it.o
 .comment       0x00000045       0x46 build/stm32h7xx_hal_msp.o
 .comment       0x00000045       0x46 build/stm32h7xx_hal_timebase_tim.o
 .comment       0x00000045       0x46 build/stm32h7xx_hal_tim.o
 .comment       0x00000045       0x46 build/stm32h7xx_hal_tim_ex.o
 .comment       0x00000045       0x46 build/stm32h7xx_hal_adc.o
 .comment       0x00000045       0x46 build/stm32h7xx_hal_adc_ex.o
 .comment       0x00000045       0x46 build/stm32h7xx_hal_rcc.o
 .comment       0x00000045       0x46 build/stm32h7xx_hal_rcc_ex.o
 .comment       0x00000045       0x46 build/stm32h7xx_hal_gpio.o
 .comment       0x00000045       0x46 build/stm32h7xx_hal_dma.o
 .comment       0x00000045       0x46 build/stm32h7xx_hal_pwr_ex.o
 .comment       0x00000045       0x46 build/stm32h7xx_hal_cortex.o
 .comment       0x00000045       0x46 build/stm32h7xx_hal.o
 .comment       0x00000045       0x46 build/stm32h7xx_hal_i2c.o
 .comment       0x00000045       0x46 build/stm32h7xx_hal_i2c_ex.o
 .comment       0x00000045       0x46 build/stm32h7xx_hal_crc.o
 .comment       0x00000045       0x46 build/stm32h7xx_hal_crc_ex.o
 .comment       0x00000045       0x46 build/stm32h7xx_hal_iwdg.o
 .comment       0x00000045       0x46 build/stm32h7xx_hal_spi.o
 .comment       0x00000045       0x46 build/stm32h7xx_hal_uart.o
 .comment       0x00000045       0x46 build/stm32h7xx_hal_uart_ex.o
 .comment       0x00000045       0x46 build/system_stm32h7xx.o
 .comment       0x00000045       0x46 build/list.o
 .comment       0x00000045       0x46 build/queue.o
 .comment       0x00000045       0x46 build/tasks.o
 .comment       0x00000045       0x46 build/timers.o
 .comment       0x00000045       0x46 build/cmsis_os2.o
 .comment       0x00000045       0x46 build/heap_4.o
 .comment       0x00000045       0x46 build/port.o

.debug_info     0x00000000    0x41471
 .debug_info    0x00000000     0x42b7 build/main.o
 .debug_info    0x000042b7       0xf7 build/freertos.o
 .debug_info    0x000043ae     0x1ae4 build/stm32h7xx_it.o
 .debug_info    0x00005e92     0x36e3 build/stm32h7xx_hal_msp.o
 .debug_info    0x00009575     0x14e5 build/stm32h7xx_hal_timebase_tim.o
 .debug_info    0x0000aa5a     0x4766 build/stm32h7xx_hal_tim.o
 .debug_info    0x0000f1c0     0x2469 build/stm32h7xx_hal_tim_ex.o
 .debug_info    0x00011629     0x3d90 build/stm32h7xx_hal_adc.o
 .debug_info    0x000153b9     0x3b50 build/stm32h7xx_hal_adc_ex.o
 .debug_info    0x00018f09     0x12b1 build/stm32h7xx_hal_rcc.o
 .debug_info    0x0001a1ba     0x1c76 build/stm32h7xx_hal_rcc_ex.o
 .debug_info    0x0001be30      0xf00 build/stm32h7xx_hal_gpio.o
 .debug_info    0x0001cd30      0xfea build/stm32h7xx_hal_dma.o
 .debug_info    0x0001dd1a     0x1155 build/stm32h7xx_hal_pwr_ex.o
 .debug_info    0x0001ee6f     0x1570 build/stm32h7xx_hal_cortex.o
 .debug_info    0x000203df     0x1aa5 build/stm32h7xx_hal.o
 .debug_info    0x00021e84     0x4bcc build/stm32h7xx_hal_i2c.o
 .debug_info    0x00026a50     0x10e0 build/stm32h7xx_hal_i2c_ex.o
 .debug_info    0x00027b30      0x6a4 build/stm32h7xx_hal_crc.o
 .debug_info    0x000281d4      0x3b7 build/stm32h7xx_hal_crc_ex.o
 .debug_info    0x0002858b      0x25f build/stm32h7xx_hal_iwdg.o
 .debug_info    0x000287ea     0x1d19 build/stm32h7xx_hal_spi.o
 .debug_info    0x0002a503     0x6ae0 build/stm32h7xx_hal_uart.o
 .debug_info    0x00030fe3     0x13fe build/stm32h7xx_hal_uart_ex.o
 .debug_info    0x000323e1      0xd9a build/system_stm32h7xx.o
 .debug_info    0x0003317b      0x30f build/list.o
 .debug_info    0x0003348a     0x2a3f build/queue.o
 .debug_info    0x00035ec9     0x342f build/tasks.o
 .debug_info    0x000392f8     0x1d3b build/timers.o
 .debug_info    0x0003b033     0x57ef build/cmsis_os2.o
 .debug_info    0x00040822      0x65d build/heap_4.o
 .debug_info    0x00040e7f      0x5c2 build/port.o
 .debug_info    0x00041441       0x30 build/startup_stm32h723xx.o

.debug_abbrev   0x00000000     0x5a4a
 .debug_abbrev  0x00000000      0x331 build/main.o
 .debug_abbrev  0x00000331       0x94 build/freertos.o
 .debug_abbrev  0x000003c5      0x1cd build/stm32h7xx_it.o
 .debug_abbrev  0x00000592      0x2f8 build/stm32h7xx_hal_msp.o
 .debug_abbrev  0x0000088a      0x24d build/stm32h7xx_hal_timebase_tim.o
 .debug_abbrev  0x00000ad7      0x2fc build/stm32h7xx_hal_tim.o
 .debug_abbrev  0x00000dd3      0x2e6 build/stm32h7xx_hal_tim_ex.o
 .debug_abbrev  0x000010b9      0x3fd build/stm32h7xx_hal_adc.o
 .debug_abbrev  0x000014b6      0x464 build/stm32h7xx_hal_adc_ex.o
 .debug_abbrev  0x0000191a      0x29b build/stm32h7xx_hal_rcc.o
 .debug_abbrev  0x00001bb5      0x285 build/stm32h7xx_hal_rcc_ex.o
 .debug_abbrev  0x00001e3a      0x25a build/stm32h7xx_hal_gpio.o
 .debug_abbrev  0x00002094      0x2ee build/stm32h7xx_hal_dma.o
 .debug_abbrev  0x00002382      0x2ca build/stm32h7xx_hal_pwr_ex.o
 .debug_abbrev  0x0000264c      0x3e6 build/stm32h7xx_hal_cortex.o
 .debug_abbrev  0x00002a32      0x2ba build/stm32h7xx_hal.o
 .debug_abbrev  0x00002cec      0x302 build/stm32h7xx_hal_i2c.o
 .debug_abbrev  0x00002fee      0x1c4 build/stm32h7xx_hal_i2c_ex.o
 .debug_abbrev  0x000031b2      0x23b build/stm32h7xx_hal_crc.o
 .debug_abbrev  0x000033ed      0x162 build/stm32h7xx_hal_crc_ex.o
 .debug_abbrev  0x0000354f      0x15d build/stm32h7xx_hal_iwdg.o
 .debug_abbrev  0x000036ac      0x309 build/stm32h7xx_hal_spi.o
 .debug_abbrev  0x000039b5      0x391 build/stm32h7xx_hal_uart.o
 .debug_abbrev  0x00003d46      0x351 build/stm32h7xx_hal_uart_ex.o
 .debug_abbrev  0x00004097      0x144 build/system_stm32h7xx.o
 .debug_abbrev  0x000041db      0x124 build/list.o
 .debug_abbrev  0x000042ff      0x431 build/queue.o
 .debug_abbrev  0x00004730      0x411 build/tasks.o
 .debug_abbrev  0x00004b41      0x3d4 build/timers.o
 .debug_abbrev  0x00004f15      0x5e4 build/cmsis_os2.o
 .debug_abbrev  0x000054f9      0x285 build/heap_4.o
 .debug_abbrev  0x0000577e      0x2af build/port.o
 .debug_abbrev  0x00005a2d       0x1d build/startup_stm32h723xx.o

.debug_loc      0x00000000    0x338aa
 .debug_loc     0x00000000      0x331 build/main.o
 .debug_loc     0x00000331      0x200 build/stm32h7xx_it.o
 .debug_loc     0x00000531      0x4ad build/stm32h7xx_hal_msp.o
 .debug_loc     0x000009de       0xf3 build/stm32h7xx_hal_timebase_tim.o
 .debug_loc     0x00000ad1     0x67cc build/stm32h7xx_hal_tim.o
 .debug_loc     0x0000729d     0x2ff2 build/stm32h7xx_hal_tim_ex.o
 .debug_loc     0x0000a28f     0x33bd build/stm32h7xx_hal_adc.o
 .debug_loc     0x0000d64c     0x31cb build/stm32h7xx_hal_adc_ex.o
 .debug_loc     0x00010817      0xabc build/stm32h7xx_hal_rcc.o
 .debug_loc     0x000112d3     0x1e76 build/stm32h7xx_hal_rcc_ex.o
 .debug_loc     0x00013149      0x4b2 build/stm32h7xx_hal_gpio.o
 .debug_loc     0x000135fb     0x11c7 build/stm32h7xx_hal_dma.o
 .debug_loc     0x000147c2      0x5f3 build/stm32h7xx_hal_pwr_ex.o
 .debug_loc     0x00014db5      0x898 build/stm32h7xx_hal_cortex.o
 .debug_loc     0x0001564d      0x58e build/stm32h7xx_hal.o
 .debug_loc     0x00015bdb     0x6b37 build/stm32h7xx_hal_i2c.o
 .debug_loc     0x0001c712      0x243 build/stm32h7xx_hal_i2c_ex.o
 .debug_loc     0x0001c955      0x723 build/stm32h7xx_hal_crc.o
 .debug_loc     0x0001d078      0x281 build/stm32h7xx_hal_crc_ex.o
 .debug_loc     0x0001d2f9       0xbe build/stm32h7xx_hal_iwdg.o
 .debug_loc     0x0001d3b7     0x1edd build/stm32h7xx_hal_spi.o
 .debug_loc     0x0001f294     0x6690 build/stm32h7xx_hal_uart.o
 .debug_loc     0x00025924      0xe75 build/stm32h7xx_hal_uart_ex.o
 .debug_loc     0x00026799      0x1d8 build/system_stm32h7xx.o
 .debug_loc     0x00026971       0xeb build/list.o
 .debug_loc     0x00026a5c     0x20ec build/queue.o
 .debug_loc     0x00028b48     0x2c65 build/tasks.o
 .debug_loc     0x0002b7ad     0x16cf build/timers.o
 .debug_loc     0x0002ce7c     0x6331 build/cmsis_os2.o
 .debug_loc     0x000331ad      0x537 build/heap_4.o
 .debug_loc     0x000336e4      0x1c6 build/port.o

.debug_aranges  0x00000000     0x21b8
 .debug_aranges
                0x00000000       0xa0 build/main.o
 .debug_aranges
                0x000000a0       0x28 build/freertos.o
 .debug_aranges
                0x000000c8       0xc8 build/stm32h7xx_it.o
 .debug_aranges
                0x00000190       0x88 build/stm32h7xx_hal_msp.o
 .debug_aranges
                0x00000218       0x30 build/stm32h7xx_hal_timebase_tim.o
 .debug_aranges
                0x00000248      0x3f8 build/stm32h7xx_hal_tim.o
 .debug_aranges
                0x00000640      0x198 build/stm32h7xx_hal_tim_ex.o
 .debug_aranges
                0x000007d8      0x150 build/stm32h7xx_hal_adc.o
 .debug_aranges
                0x00000928      0x148 build/stm32h7xx_hal_adc_ex.o
 .debug_aranges
                0x00000a70       0x88 build/stm32h7xx_hal_rcc.o
 .debug_aranges
                0x00000af8       0xf8 build/stm32h7xx_hal_rcc_ex.o
 .debug_aranges
                0x00000bf0       0x58 build/stm32h7xx_hal_gpio.o
 .debug_aranges
                0x00000c48       0xa0 build/stm32h7xx_hal_dma.o
 .debug_aranges
                0x00000ce8      0x148 build/stm32h7xx_hal_pwr_ex.o
 .debug_aranges
                0x00000e30       0xf8 build/stm32h7xx_hal_cortex.o
 .debug_aranges
                0x00000f28      0x1c8 build/stm32h7xx_hal.o
 .debug_aranges
                0x000010f0      0x2c0 build/stm32h7xx_hal_i2c.o
 .debug_aranges
                0x000013b0       0x48 build/stm32h7xx_hal_i2c_ex.o
 .debug_aranges
                0x000013f8       0x60 build/stm32h7xx_hal_crc.o
 .debug_aranges
                0x00001458       0x30 build/stm32h7xx_hal_crc_ex.o
 .debug_aranges
                0x00001488       0x28 build/stm32h7xx_hal_iwdg.o
 .debug_aranges
                0x000014b0      0x1a8 build/stm32h7xx_hal_spi.o
 .debug_aranges
                0x00001658      0x248 build/stm32h7xx_hal_uart.o
 .debug_aranges
                0x000018a0       0xa8 build/stm32h7xx_hal_uart_ex.o
 .debug_aranges
                0x00001948       0x30 build/system_stm32h7xx.o
 .debug_aranges
                0x00001978       0x40 build/list.o
 .debug_aranges
                0x000019b8      0x158 build/queue.o
 .debug_aranges
                0x00001b10      0x208 build/tasks.o
 .debug_aranges
                0x00001d18       0xf0 build/timers.o
 .debug_aranges
                0x00001e08      0x2b0 build/cmsis_os2.o
 .debug_aranges
                0x000020b8       0x58 build/heap_4.o
 .debug_aranges
                0x00002110       0x80 build/port.o
 .debug_aranges
                0x00002190       0x28 build/startup_stm32h723xx.o

.debug_ranges   0x00000000     0x25b8
 .debug_ranges  0x00000000       0x90 build/main.o
 .debug_ranges  0x00000090       0x18 build/freertos.o
 .debug_ranges  0x000000a8       0xb8 build/stm32h7xx_it.o
 .debug_ranges  0x00000160       0x78 build/stm32h7xx_hal_msp.o
 .debug_ranges  0x000001d8       0x20 build/stm32h7xx_hal_timebase_tim.o
 .debug_ranges  0x000001f8      0x3e8 build/stm32h7xx_hal_tim.o
 .debug_ranges  0x000005e0      0x188 build/stm32h7xx_hal_tim_ex.o
 .debug_ranges  0x00000768      0x370 build/stm32h7xx_hal_adc.o
 .debug_ranges  0x00000ad8      0x1e0 build/stm32h7xx_hal_adc_ex.o
 .debug_ranges  0x00000cb8       0xe8 build/stm32h7xx_hal_rcc.o
 .debug_ranges  0x00000da0       0xe8 build/stm32h7xx_hal_rcc_ex.o
 .debug_ranges  0x00000e88       0x48 build/stm32h7xx_hal_gpio.o
 .debug_ranges  0x00000ed0       0xa8 build/stm32h7xx_hal_dma.o
 .debug_ranges  0x00000f78      0x198 build/stm32h7xx_hal_pwr_ex.o
 .debug_ranges  0x00001110       0xe8 build/stm32h7xx_hal_cortex.o
 .debug_ranges  0x000011f8      0x1b8 build/stm32h7xx_hal.o
 .debug_ranges  0x000013b0      0x2b0 build/stm32h7xx_hal_i2c.o
 .debug_ranges  0x00001660       0x38 build/stm32h7xx_hal_i2c_ex.o
 .debug_ranges  0x00001698       0x50 build/stm32h7xx_hal_crc.o
 .debug_ranges  0x000016e8       0x20 build/stm32h7xx_hal_crc_ex.o
 .debug_ranges  0x00001708       0x18 build/stm32h7xx_hal_iwdg.o
 .debug_ranges  0x00001720      0x198 build/stm32h7xx_hal_spi.o
 .debug_ranges  0x000018b8      0x238 build/stm32h7xx_hal_uart.o
 .debug_ranges  0x00001af0       0xb0 build/stm32h7xx_hal_uart_ex.o
 .debug_ranges  0x00001ba0       0x20 build/system_stm32h7xx.o
 .debug_ranges  0x00001bc0       0x30 build/list.o
 .debug_ranges  0x00001bf0      0x200 build/queue.o
 .debug_ranges  0x00001df0      0x358 build/tasks.o
 .debug_ranges  0x00002148       0xe0 build/timers.o
 .debug_ranges  0x00002228      0x2a0 build/cmsis_os2.o
 .debug_ranges  0x000024c8       0x48 build/heap_4.o
 .debug_ranges  0x00002510       0x88 build/port.o
 .debug_ranges  0x00002598       0x20 build/startup_stm32h723xx.o

.debug_line     0x00000000    0x2da34
 .debug_line    0x00000000      0xd9b build/main.o
 .debug_line    0x00000d9b       0x95 build/freertos.o
 .debug_line    0x00000e30      0x406 build/stm32h7xx_it.o
 .debug_line    0x00001236      0xc44 build/stm32h7xx_hal_msp.o
 .debug_line    0x00001e7a      0x2df build/stm32h7xx_hal_timebase_tim.o
 .debug_line    0x00002159     0x53b1 build/stm32h7xx_hal_tim.o
 .debug_line    0x0000750a     0x1e86 build/stm32h7xx_hal_tim_ex.o
 .debug_line    0x00009390     0x2dab build/stm32h7xx_hal_adc.o
 .debug_line    0x0000c13b     0x2582 build/stm32h7xx_hal_adc_ex.o
 .debug_line    0x0000e6bd     0x1331 build/stm32h7xx_hal_rcc.o
 .debug_line    0x0000f9ee     0x1e9a build/stm32h7xx_hal_rcc_ex.o
 .debug_line    0x00011888      0x6fd build/stm32h7xx_hal_gpio.o
 .debug_line    0x00011f85     0x23e9 build/stm32h7xx_hal_dma.o
 .debug_line    0x0001436e      0xa3e build/stm32h7xx_hal_pwr_ex.o
 .debug_line    0x00014dac      0x835 build/stm32h7xx_hal_cortex.o
 .debug_line    0x000155e1      0x97e build/stm32h7xx_hal.o
 .debug_line    0x00015f5f     0x54f7 build/stm32h7xx_hal_i2c.o
 .debug_line    0x0001b456      0x3c9 build/stm32h7xx_hal_i2c_ex.o
 .debug_line    0x0001b81f      0x57b build/stm32h7xx_hal_crc.o
 .debug_line    0x0001bd9a      0x2ac build/stm32h7xx_hal_crc_ex.o
 .debug_line    0x0001c046      0x286 build/stm32h7xx_hal_iwdg.o
 .debug_line    0x0001c2cc     0x26f4 build/stm32h7xx_hal_spi.o
 .debug_line    0x0001e9c0     0x513a build/stm32h7xx_hal_uart.o
 .debug_line    0x00023afa      0xa72 build/stm32h7xx_hal_uart_ex.o
 .debug_line    0x0002456c      0x481 build/system_stm32h7xx.o
 .debug_line    0x000249ed      0x35f build/list.o
 .debug_line    0x00024d4c     0x1ce6 build/queue.o
 .debug_line    0x00026a32     0x2815 build/tasks.o
 .debug_line    0x00029247      0xdf7 build/timers.o
 .debug_line    0x0002a03e     0x2bd0 build/cmsis_os2.o
 .debug_line    0x0002cc0e      0x786 build/heap_4.o
 .debug_line    0x0002d394      0x62c build/port.o
 .debug_line    0x0002d9c0       0x74 build/startup_stm32h723xx.o

.debug_str      0x00000000     0xc892
 .debug_str     0x00000000     0xc892 build/main.o
                               0x3170 (size before relaxing)
 .debug_str     0x0000c892      0x1d4 build/freertos.o
 .debug_str     0x0000c892     0x1593 build/stm32h7xx_it.o
 .debug_str     0x0000c892     0x27d7 build/stm32h7xx_hal_msp.o
 .debug_str     0x0000c892     0x1624 build/stm32h7xx_hal_timebase_tim.o
 .debug_str     0x0000c892     0x1ec8 build/stm32h7xx_hal_tim.o
 .debug_str     0x0000c892     0x1428 build/stm32h7xx_hal_tim_ex.o
 .debug_str     0x0000c892     0x17db build/stm32h7xx_hal_adc.o
 .debug_str     0x0000c892     0x168d build/stm32h7xx_hal_adc_ex.o
 .debug_str     0x0000c892      0x983 build/stm32h7xx_hal_rcc.o
 .debug_str     0x0000c892      0xec5 build/stm32h7xx_hal_rcc_ex.o
 .debug_str     0x0000c892      0x69e build/stm32h7xx_hal_gpio.o
 .debug_str     0x0000c892      0x921 build/stm32h7xx_hal_dma.o
 .debug_str     0x0000c892      0x97c build/stm32h7xx_hal_pwr_ex.o
 .debug_str     0x0000c892     0x1009 build/stm32h7xx_hal_cortex.o
 .debug_str     0x0000c892     0x1564 build/stm32h7xx_hal.o
 .debug_str     0x0000c892     0x1425 build/stm32h7xx_hal_i2c.o
 .debug_str     0x0000c892      0xbcd build/stm32h7xx_hal_i2c_ex.o
 .debug_str     0x0000c892      0x45a build/stm32h7xx_hal_crc.o
 .debug_str     0x0000c892      0x400 build/stm32h7xx_hal_crc_ex.o
 .debug_str     0x0000c892      0x26c build/stm32h7xx_hal_iwdg.o
 .debug_str     0x0000c892      0xd9c build/stm32h7xx_hal_spi.o
 .debug_str     0x0000c892     0x147b build/stm32h7xx_hal_uart.o
 .debug_str     0x0000c892      0xb6f build/stm32h7xx_hal_uart_ex.o
 .debug_str     0x0000c892      0x6a4 build/system_stm32h7xx.o
 .debug_str     0x0000c892      0x2c8 build/list.o
 .debug_str     0x0000c892      0xcde build/queue.o
 .debug_str     0x0000c892     0x12f7 build/tasks.o
 .debug_str     0x0000c892      0xc17 build/timers.o
 .debug_str     0x0000c892     0x25b0 build/cmsis_os2.o
 .debug_str     0x0000c892      0x4fe build/heap_4.o
 .debug_str     0x0000c892      0x448 build/port.o
 .debug_str     0x0000c892       0x48 build/startup_stm32h723xx.o

.debug_frame    0x00000000     0x60d4
 .debug_frame   0x00000000      0x1d8 build/main.o
 .debug_frame   0x000001d8       0x30 build/freertos.o
 .debug_frame   0x00000208      0x1f0 build/stm32h7xx_it.o
 .debug_frame   0x000003f8      0x1a0 build/stm32h7xx_hal_msp.o
 .debug_frame   0x00000598       0x50 build/stm32h7xx_hal_timebase_tim.o
 .debug_frame   0x000005e8      0xbbc build/stm32h7xx_hal_tim.o
 .debug_frame   0x000011a4      0x4c4 build/stm32h7xx_hal_tim_ex.o
 .debug_frame   0x00001668      0x3cc build/stm32h7xx_hal_adc.o
 .debug_frame   0x00001a34      0x3c0 build/stm32h7xx_hal_adc_ex.o
 .debug_frame   0x00001df4      0x184 build/stm32h7xx_hal_rcc.o
 .debug_frame   0x00001f78      0x284 build/stm32h7xx_hal_rcc_ex.o
 .debug_frame   0x000021fc       0xd4 build/stm32h7xx_hal_gpio.o
 .debug_frame   0x000022d0      0x1fc build/stm32h7xx_hal_dma.o
 .debug_frame   0x000024cc      0x2d4 build/stm32h7xx_hal_pwr_ex.o
 .debug_frame   0x000027a0      0x214 build/stm32h7xx_hal_cortex.o
 .debug_frame   0x000029b4      0x3c0 build/stm32h7xx_hal.o
 .debug_frame   0x00002d74      0x9e0 build/stm32h7xx_hal_i2c.o
 .debug_frame   0x00003754       0x80 build/stm32h7xx_hal_i2c_ex.o
 .debug_frame   0x000037d4       0xec build/stm32h7xx_hal_crc.o
 .debug_frame   0x000038c0       0x58 build/stm32h7xx_hal_crc_ex.o
 .debug_frame   0x00003918       0x44 build/stm32h7xx_hal_iwdg.o
 .debug_frame   0x0000395c      0x490 build/stm32h7xx_hal_spi.o
 .debug_frame   0x00003dec      0x680 build/stm32h7xx_hal_uart.o
 .debug_frame   0x0000446c      0x1c8 build/stm32h7xx_hal_uart_ex.o
 .debug_frame   0x00004634       0x50 build/system_stm32h7xx.o
 .debug_frame   0x00004684       0x70 build/list.o
 .debug_frame   0x000046f4      0x458 build/queue.o
 .debug_frame   0x00004b4c      0x69c build/tasks.o
 .debug_frame   0x000051e8      0x30c build/timers.o
 .debug_frame   0x000054f4      0x92c build/cmsis_os2.o
 .debug_frame   0x00005e20       0xd0 build/heap_4.o
 .debug_frame   0x00005ef0      0x110 build/port.o
 .debug_frame   0x00006000       0x20 /Applications/ArmGNUToolchain/14.2.rel1/arm-none-eabi/bin/../lib/gcc/arm-none-eabi/14.2.1/../../../../arm-none-eabi/lib/thumb/v7e-m+dp/hard/libc_nano.a(libc_a-memset.o)
 .debug_frame   0x00006020       0x2c /Applications/ArmGNUToolchain/14.2.rel1/arm-none-eabi/bin/../lib/gcc/arm-none-eabi/14.2.1/../../../../arm-none-eabi/lib/thumb/v7e-m+dp/hard/libc_nano.a(libc_a-init.o)
 .debug_frame   0x0000604c       0x28 /Applications/ArmGNUToolchain/14.2.rel1/arm-none-eabi/bin/../lib/gcc/arm-none-eabi/14.2.1/../../../../arm-none-eabi/lib/thumb/v7e-m+dp/hard/libc_nano.a(libc_a-memcpy-stub.o)
 .debug_frame   0x00006074       0x2c /Applications/ArmGNUToolchain/14.2.rel1/arm-none-eabi/bin/../lib/gcc/arm-none-eabi/14.2.1/thumb/v7e-m+dp/hard/libgcc.a(_aeabi_uldivmod.o)
 .debug_frame   0x000060a0       0x34 /Applications/ArmGNUToolchain/14.2.rel1/arm-none-eabi/bin/../lib/gcc/arm-none-eabi/14.2.1/thumb/v7e-m+dp/hard/libgcc.a(_udivmoddi4.o)

.debug_line_str
                0x00000000       0xde
 .debug_line_str
                0x00000000       0xde /Applications/ArmGNUToolchain/14.2.rel1/arm-none-eabi/bin/../lib/gcc/arm-none-eabi/14.2.1/thumb/v7e-m+dp/hard/libgcc.a(_aeabi_uldivmod.o)
                                 0xd2 (size before relaxing)
 .debug_line_str
                0x000000de       0xd6 /Applications/ArmGNUToolchain/14.2.rel1/arm-none-eabi/bin/../lib/gcc/arm-none-eabi/14.2.1/thumb/v7e-m+dp/hard/libgcc.a(_dvmd_tls.o)

Cross Reference Table

Symbol                                            File
ADC3_IRQHandler                                   build/startup_stm32h723xx.o
ADC_ConfigureBoostMode                            build/stm32h7xx_hal_adc.o
ADC_ConversionStop                                build/stm32h7xx_hal_adc.o
                                                  build/stm32h7xx_hal_adc_ex.o
ADC_DMAConvCplt                                   build/stm32h7xx_hal_adc.o
                                                  build/stm32h7xx_hal_adc_ex.o
ADC_DMAError                                      build/stm32h7xx_hal_adc.o
                                                  build/stm32h7xx_hal_adc_ex.o
ADC_DMAHalfConvCplt                               build/stm32h7xx_hal_adc.o
                                                  build/stm32h7xx_hal_adc_ex.o
ADC_Disable                                       build/stm32h7xx_hal_adc.o
                                                  build/stm32h7xx_hal_adc_ex.o
ADC_Enable                                        build/stm32h7xx_hal_adc.o
                                                  build/stm32h7xx_hal_adc_ex.o
ADC_IRQHandler                                    build/startup_stm32h723xx.o
BDMA_Channel0_IRQHandler                          build/startup_stm32h723xx.o
BDMA_Channel1_IRQHandler                          build/startup_stm32h723xx.o
BDMA_Channel2_IRQHandler                          build/startup_stm32h723xx.o
BDMA_Channel3_IRQHandler                          build/startup_stm32h723xx.o
BDMA_Channel4_IRQHandler                          build/startup_stm32h723xx.o
BDMA_Channel5_IRQHandler                          build/startup_stm32h723xx.o
BDMA_Channel6_IRQHandler                          build/startup_stm32h723xx.o
BDMA_Channel7_IRQHandler                          build/startup_stm32h723xx.o
BusFault_Handler                                  build/stm32h7xx_it.o
CEC_IRQHandler                                    build/startup_stm32h723xx.o
COMP1_IRQHandler                                  build/startup_stm32h723xx.o
CORDIC_IRQHandler                                 build/startup_stm32h723xx.o
CRS_IRQHandler                                    build/startup_stm32h723xx.o
D1CorePrescTable                                  build/system_stm32h7xx.o
                                                  build/stm32h7xx_hal.o
                                                  build/stm32h7xx_hal_rcc_ex.o
                                                  build/stm32h7xx_hal_rcc.o
DCMI_PSSI_IRQHandler                              build/startup_stm32h723xx.o
DFSDM1_FLT0_IRQHandler                            build/startup_stm32h723xx.o